Archive member included to satisfy reference by file (symbol)

c:/sysgcc/arm-eabi/bin/../lib/gcc/arm-none-eabi/12.3.1/thumb/v7e-m+fp/hard\libg_nano.a(libc_a-exit.o)
                              c:/sysgcc/arm-eabi/bin/../lib/gcc/arm-none-eabi/12.3.1/thumb/v7e-m+fp/hard/crt0.o (exit)
c:/sysgcc/arm-eabi/bin/../lib/gcc/arm-none-eabi/12.3.1/thumb/v7e-m+fp/hard\libg_nano.a(libc_a-findfp.o)
                              c:/sysgcc/arm-eabi/bin/../lib/gcc/arm-none-eabi/12.3.1/thumb/v7e-m+fp/hard\libg_nano.a(libc_a-exit.o) (__stdio_exit_handler)
c:/sysgcc/arm-eabi/bin/../lib/gcc/arm-none-eabi/12.3.1/thumb/v7e-m+fp/hard\libg_nano.a(libc_a-fwalk.o)
                              c:/sysgcc/arm-eabi/bin/../lib/gcc/arm-none-eabi/12.3.1/thumb/v7e-m+fp/hard\libg_nano.a(libc_a-findfp.o) (_fwalk_sglue)
c:/sysgcc/arm-eabi/bin/../lib/gcc/arm-none-eabi/12.3.1/thumb/v7e-m+fp/hard\libg_nano.a(libc_a-stdio.o)
                              c:/sysgcc/arm-eabi/bin/../lib/gcc/arm-none-eabi/12.3.1/thumb/v7e-m+fp/hard\libg_nano.a(libc_a-findfp.o) (__sread)
c:/sysgcc/arm-eabi/bin/../lib/gcc/arm-none-eabi/12.3.1/thumb/v7e-m+fp/hard\libg_nano.a(libc_a-memset.o)
                              c:/sysgcc/arm-eabi/bin/../lib/gcc/arm-none-eabi/12.3.1/thumb/v7e-m+fp/hard/crt0.o (memset)
c:/sysgcc/arm-eabi/bin/../lib/gcc/arm-none-eabi/12.3.1/thumb/v7e-m+fp/hard\libg_nano.a(libc_a-closer.o)
                              c:/sysgcc/arm-eabi/bin/../lib/gcc/arm-none-eabi/12.3.1/thumb/v7e-m+fp/hard\libg_nano.a(libc_a-stdio.o) (_close_r)
c:/sysgcc/arm-eabi/bin/../lib/gcc/arm-none-eabi/12.3.1/thumb/v7e-m+fp/hard\libg_nano.a(libc_a-reent.o)
                              c:/sysgcc/arm-eabi/bin/../lib/gcc/arm-none-eabi/12.3.1/thumb/v7e-m+fp/hard\libg_nano.a(libc_a-closer.o) (errno)
c:/sysgcc/arm-eabi/bin/../lib/gcc/arm-none-eabi/12.3.1/thumb/v7e-m+fp/hard\libg_nano.a(libc_a-impure.o)
                              c:/sysgcc/arm-eabi/bin/../lib/gcc/arm-none-eabi/12.3.1/thumb/v7e-m+fp/hard\libg_nano.a(libc_a-reent.o) (_impure_ptr)
c:/sysgcc/arm-eabi/bin/../lib/gcc/arm-none-eabi/12.3.1/thumb/v7e-m+fp/hard\libg_nano.a(libc_a-lseekr.o)
                              c:/sysgcc/arm-eabi/bin/../lib/gcc/arm-none-eabi/12.3.1/thumb/v7e-m+fp/hard\libg_nano.a(libc_a-stdio.o) (_lseek_r)
c:/sysgcc/arm-eabi/bin/../lib/gcc/arm-none-eabi/12.3.1/thumb/v7e-m+fp/hard\libg_nano.a(libc_a-readr.o)
                              c:/sysgcc/arm-eabi/bin/../lib/gcc/arm-none-eabi/12.3.1/thumb/v7e-m+fp/hard\libg_nano.a(libc_a-stdio.o) (_read_r)
c:/sysgcc/arm-eabi/bin/../lib/gcc/arm-none-eabi/12.3.1/thumb/v7e-m+fp/hard\libg_nano.a(libc_a-writer.o)
                              c:/sysgcc/arm-eabi/bin/../lib/gcc/arm-none-eabi/12.3.1/thumb/v7e-m+fp/hard\libg_nano.a(libc_a-stdio.o) (_write_r)
c:/sysgcc/arm-eabi/bin/../lib/gcc/arm-none-eabi/12.3.1/thumb/v7e-m+fp/hard\libg_nano.a(libc_a-init.o)
                              c:/sysgcc/arm-eabi/bin/../lib/gcc/arm-none-eabi/12.3.1/thumb/v7e-m+fp/hard/crt0.o (__libc_init_array)
c:/sysgcc/arm-eabi/bin/../lib/gcc/arm-none-eabi/12.3.1/thumb/v7e-m+fp/hard\libg_nano.a(libc_a-lock.o)
                              c:/sysgcc/arm-eabi/bin/../lib/gcc/arm-none-eabi/12.3.1/thumb/v7e-m+fp/hard\libg_nano.a(libc_a-findfp.o) (__retarget_lock_init_recursive)
c:/sysgcc/arm-eabi/bin/../lib/gcc/arm-none-eabi/12.3.1/thumb/v7e-m+fp/hard\libg_nano.a(libc_a-memcpy-stub.o)
                              CMakeFiles/Riverdi_M4.dir/e572617d30e975d2848612b0b1972abe/Drivers/STM32H7xx_HAL_Driver/Src/stm32h7xx_hal_fdcan.c.obj (memcpy)
c:/sysgcc/arm-eabi/bin/../lib/gcc/arm-none-eabi/12.3.1/thumb/v7e-m+fp/hard\libg_nano.a(libc_a-freer.o)
                              c:/sysgcc/arm-eabi/bin/../lib/gcc/arm-none-eabi/12.3.1/thumb/v7e-m+fp/hard\libg_nano.a(libc_a-reent.o) (_free_r)
c:/sysgcc/arm-eabi/bin/../lib/gcc/arm-none-eabi/12.3.1/thumb/v7e-m+fp/hard\libg_nano.a(libc_a-mallocr.o)
                              c:/sysgcc/arm-eabi/bin/../lib/gcc/arm-none-eabi/12.3.1/thumb/v7e-m+fp/hard\libg_nano.a(libc_a-findfp.o) (_malloc_r)
c:/sysgcc/arm-eabi/bin/../lib/gcc/arm-none-eabi/12.3.1/thumb/v7e-m+fp/hard\libg_nano.a(libc_a-mlock.o)
                              c:/sysgcc/arm-eabi/bin/../lib/gcc/arm-none-eabi/12.3.1/thumb/v7e-m+fp/hard\libg_nano.a(libc_a-freer.o) (__malloc_lock)
c:/sysgcc/arm-eabi/bin/../lib/gcc/arm-none-eabi/12.3.1/thumb/v7e-m+fp/hard\libg_nano.a(libc_a-fflush.o)
                              c:/sysgcc/arm-eabi/bin/../lib/gcc/arm-none-eabi/12.3.1/thumb/v7e-m+fp/hard\libg_nano.a(libc_a-findfp.o) (_fflush_r)
c:/sysgcc/arm-eabi/bin/../lib/gcc/arm-none-eabi/12.3.1/thumb/v7e-m+fp/hard\libg_nano.a(libc_a-sbrkr.o)
                              c:/sysgcc/arm-eabi/bin/../lib/gcc/arm-none-eabi/12.3.1/thumb/v7e-m+fp/hard\libg_nano.a(libc_a-mallocr.o) (_sbrk_r)
c:/sysgcc/arm-eabi/bin/../lib/gcc/arm-none-eabi/12.3.1/thumb/v7e-m+fp/hard\libnosys.a(close.o)
[...]
Memory Configuration

Name             Origin             Length             Attributes
FLASH            0x08100000         0x00100000         xr
RAM              0x10000000         0x00048000         xrw
*default*        0x00000000         0xffffffff

Linker script and memory map

LOAD c:/sysgcc/arm-eabi/bin/../lib/gcc/arm-none-eabi/12.3.1/thumb/v7e-m+fp/hard/crti.o
LOAD c:/sysgcc/arm-eabi/bin/../lib/gcc/arm-none-eabi/12.3.1/thumb/v7e-m+fp/hard/crtbegin.o
LOAD c:/sysgcc/arm-eabi/bin/../lib/gcc/arm-none-eabi/12.3.1/thumb/v7e-m+fp/hard/crt0.o
LOAD CMakeFiles/BSP.dir/88f47973270f0fc11ad659be62fbf47e/arm-eabi/com.sysprogs.arm.stm32/STM32H7xxxx/StartupFiles/startup_stm32h747xx.c.obj
LOAD CMakeFiles/Riverdi_M4.dir/C_/Projects/HeatCentral/HeatPump/riverdi-70-stm32h7-lvgl-main/Common/Src/system_stm32h7xx_dualcore_boot_cm4_cm7.c.obj
LOAD CMakeFiles/Riverdi_M4.dir/C_/Projects/HeatCentral/HeatPump/riverdi-70-stm32h7-lvgl-main/Drivers/STM32H7xx_HAL_Driver/Src/stm32h7xx_hal.c.obj
LOAD CMakeFiles/Riverdi_M4.dir/e572617d30e975d2848612b0b1972abe/Drivers/STM32H7xx_HAL_Driver/Src/stm32h7xx_hal_cortex.c.obj
LOAD CMakeFiles/Riverdi_M4.dir/e572617d30e975d2848612b0b1972abe/Drivers/STM32H7xx_HAL_Driver/Src/stm32h7xx_hal_dma.c.obj
LOAD CMakeFiles/Riverdi_M4.dir/e572617d30e975d2848612b0b1972abe/Drivers/STM32H7xx_HAL_Driver/Src/stm32h7xx_hal_dma_ex.c.obj
LOAD CMakeFiles/Riverdi_M4.dir/e572617d30e975d2848612b0b1972abe/Drivers/STM32H7xx_HAL_Driver/Src/stm32h7xx_hal_exti.c.obj
LOAD CMakeFiles/Riverdi_M4.dir/e572617d30e975d2848612b0b1972abe/Drivers/STM32H7xx_HAL_Driver/Src/stm32h7xx_hal_flash.c.obj
LOAD CMakeFiles/Riverdi_M4.dir/e572617d30e975d2848612b0b1972abe/Drivers/STM32H7xx_HAL_Driver/Src/stm32h7xx_hal_flash_ex.c.obj
LOAD CMakeFiles/Riverdi_M4.dir/e572617d30e975d2848612b0b1972abe/Drivers/STM32H7xx_HAL_Driver/Src/stm32h7xx_hal_gpio.c.obj
LOAD CMakeFiles/Riverdi_M4.dir/e572617d30e975d2848612b0b1972abe/Drivers/STM32H7xx_HAL_Driver/Src/stm32h7xx_hal_hsem.c.obj
LOAD CMakeFiles/Riverdi_M4.dir/e572617d30e975d2848612b0b1972abe/Drivers/STM32H7xx_HAL_Driver/Src/stm32h7xx_hal_i2c.c.obj
LOAD CMakeFiles/Riverdi_M4.dir/e572617d30e975d2848612b0b1972abe/Drivers/STM32H7xx_HAL_Driver/Src/stm32h7xx_hal_i2c_ex.c.obj
LOAD CMakeFiles/Riverdi_M4.dir/e572617d30e975d2848612b0b1972abe/Drivers/STM32H7xx_HAL_Driver/Src/stm32h7xx_hal_mdma.c.obj
LOAD CMakeFiles/Riverdi_M4.dir/e572617d30e975d2848612b0b1972abe/Drivers/STM32H7xx_HAL_Driver/Src/stm32h7xx_hal_pwr.c.obj
LOAD CMakeFiles/Riverdi_M4.dir/e572617d30e975d2848612b0b1972abe/Drivers/STM32H7xx_HAL_Driver/Src/stm32h7xx_hal_pwr_ex.c.obj
LOAD CMakeFiles/Riverdi_M4.dir/e572617d30e975d2848612b0b1972abe/Drivers/STM32H7xx_HAL_Driver/Src/stm32h7xx_hal_rcc.c.obj
LOAD CMakeFiles/Riverdi_M4.dir/e572617d30e975d2848612b0b1972abe/Drivers/STM32H7xx_HAL_Driver/Src/stm32h7xx_hal_rcc_ex.c.obj
LOAD CMakeFiles/Riverdi_M4.dir/e572617d30e975d2848612b0b1972abe/Drivers/STM32H7xx_HAL_Driver/Src/stm32h7xx_hal_tim.c.obj
LOAD CMakeFiles/Riverdi_M4.dir/e572617d30e975d2848612b0b1972abe/Drivers/STM32H7xx_HAL_Driver/Src/stm32h7xx_hal_tim_ex.c.obj
LOAD CMakeFiles/Riverdi_M4.dir/C_/Projects/HeatCentral/HeatPump/riverdi-70-stm32h7-lvgl-main/CM4/Core/Src/mdma.c.obj
LOAD CMakeFiles/Riverdi_M4.dir/C_/Projects/HeatCentral/HeatPump/riverdi-70-stm32h7-lvgl-main/CM4/Core/Src/stm32h7xx_hal_msp.c.obj
LOAD CMakeFiles/Riverdi_M4.dir/C_/Projects/HeatCentral/HeatPump/riverdi-70-stm32h7-lvgl-main/CM4/Core/Src/stm32h7xx_it.c.obj
LOAD CMakeFiles/Riverdi_M4.dir/HPControl.cpp.obj
LOAD CMakeFiles/Riverdi_M4.dir/C_/Projects/HeatCentral/HeatPump/riverdi-70-stm32h7-lvgl-main/CM4/Core/Src/fdcan.c.obj
LOAD CMakeFiles/Riverdi_M4.dir/C_/Projects/HeatCentral/HeatPump/riverdi-70-stm32h7-lvgl-main/CM4/Core/Src/gpio.c.obj
LOAD CMakeFiles/Riverdi_M4.dir/C_/Projects/HeatCentral/HeatPump/riverdi-70-stm32h7-lvgl-main/CM4/Core/Src/main.c.obj
LOAD CMakeFiles/Riverdi_M4.dir/e572617d30e975d2848612b0b1972abe/Drivers/STM32H7xx_HAL_Driver/Src/stm32h7xx_hal_fdcan.c.obj
LOAD CMakeFiles/Riverdi_M4.dir/C_/Projects/HeatCentral/HeatPump/riverdi-70-stm32h7-lvgl-main/M4_M7_Shared/SharedData.cpp.obj
LOAD CMakeFiles/Riverdi_M4.dir/C_/Projects/HeatCentral/HeatPump/riverdi-70-stm32h7-lvgl-main/M4_M7_Shared/SharedDataCtrl.cpp.obj
LOAD c:/sysgcc/arm-eabi/bin/../lib/gcc/arm-none-eabi/12.3.1/thumb/v7e-m+fp/hard\libstdc++_nano.a
LOAD c:/sysgcc/arm-eabi/bin/../lib/gcc/arm-none-eabi/12.3.1/thumb/v7e-m+fp/hard\libm.a
START GROUP
LOAD c:/sysgcc/arm-eabi/bin/../lib/gcc/arm-none-eabi/12.3.1/thumb/v7e-m+fp/hard\libgcc.a
LOAD c:/sysgcc/arm-eabi/bin/../lib/gcc/arm-none-eabi/12.3.1/thumb/v7e-m+fp/hard\libg_nano.a
LOAD c:/sysgcc/arm-eabi/bin/../lib/gcc/arm-none-eabi/12.3.1/thumb/v7e-m+fp/hard\libc_nano.a
END GROUP
START GROUP
LOAD c:/sysgcc/arm-eabi/bin/../lib/gcc/arm-none-eabi/12.3.1/thumb/v7e-m+fp/hard\libgcc.a
LOAD c:/sysgcc/arm-eabi/bin/../lib/gcc/arm-none-eabi/12.3.1/thumb/v7e-m+fp/hard\libc_nano.a
LOAD c:/sysgcc/arm-eabi/bin/../lib/gcc/arm-none-eabi/12.3.1/thumb/v7e-m+fp/hard\libnosys.a
END GROUP
START GROUP
LOAD c:/sysgcc/arm-eabi/bin/../lib/gcc/arm-none-eabi/12.3.1/thumb/v7e-m+fp/hard\libgcc.a
LOAD c:/sysgcc/arm-eabi/bin/../lib/gcc/arm-none-eabi/12.3.1/thumb/v7e-m+fp/hard\libc_nano.a
LOAD c:/sysgcc/arm-eabi/bin/../lib/gcc/arm-none-eabi/12.3.1/thumb/v7e-m+fp/hard\libnosys.a
END GROUP
LOAD c:/sysgcc/arm-eabi/bin/../lib/gcc/arm-none-eabi/12.3.1/thumb/v7e-m+fp/hard/crtend.o
LOAD c:/sysgcc/arm-eabi/bin/../lib/gcc/arm-none-eabi/12.3.1/thumb/v7e-m+fp/hard/crtn.o
                0x10048000                        _estack = (ORIGIN (RAM) + LENGTH (RAM))
                0x00000100                        _Min_Heap_Size = 0x100
                0x00000100                        _Min_Stack_Size = 0x100

.isr_vector     0x08100000      0x298
                0x08100000                        . = ALIGN (0x4)
 *(.isr_vector)
 .isr_vector    0x08100000      0x298 CMakeFiles/BSP.dir/88f47973270f0fc11ad659be62fbf47e/arm-eabi/com.sysprogs.arm.stm32/STM32H7xxxx/StartupFiles/startup_stm32h747xx.c.obj
                0x08100000                g_pfnVectors
                0x08100298                        . = ALIGN (0x4)

.text           0x08100298     0x434c
                0x08100298                        . = ALIGN (0x4)
 *(.text)
 *(.text*)
 .text.deregister_tm_clones
                0x08100298       0x1c c:/sysgcc/arm-eabi/bin/../lib/gcc/arm-none-eabi/12.3.1/thumb/v7e-m+fp/hard/crtbegin.o
 .text.register_tm_clones
                0x081002b4       0x24 c:/sysgcc/arm-eabi/bin/../lib/gcc/arm-none-eabi/12.3.1/thumb/v7e-m+fp/hard/crtbegin.o
 .text.__do_global_dtors_aux
                0x081002d8       0x28 c:/sysgcc/arm-eabi/bin/../lib/gcc/arm-none-eabi/12.3.1/thumb/v7e-m+fp/hard/crtbegin.o
 .text.frame_dummy
                0x08100300       0x24 c:/sysgcc/arm-eabi/bin/../lib/gcc/arm-none-eabi/12.3.1/thumb/v7e-m+fp/hard/crtbegin.o
 .text.WWDG_IRQHandler
                0x08100324        0x6 CMakeFiles/BSP.dir/88f47973270f0fc11ad659be62fbf47e/arm-eabi/com.sysprogs.arm.stm32/STM32H7xxxx/StartupFiles/startup_stm32h747xx.c.obj
                0x08100324                WWDG_IRQHandler
 .text.PVD_AVD_IRQHandler
                0x0810032a        0x6 CMakeFiles/BSP.dir/88f47973270f0fc11ad659be62fbf47e/arm-eabi/com.sysprogs.arm.stm32/STM32H7xxxx/StartupFiles/startup_stm32h747xx.c.obj
                0x0810032a                PVD_AVD_IRQHandler
 .text.TAMP_STAMP_IRQHandler
                0x08100330        0x6 CMakeFiles/BSP.dir/88f47973270f0fc11ad659be62fbf47e/arm-eabi/com.sysprogs.arm.stm32/STM32H7xxxx/StartupFiles/startup_stm32h747xx.c.obj
                0x08100330                TAMP_STAMP_IRQHandler
 .text.RTC_WKUP_IRQHandler
                0x08100336        0x6 CMakeFiles/BSP.dir/88f47973270f0fc11ad659be62fbf47e/arm-eabi/com.sysprogs.arm.stm32/STM32H7xxxx/StartupFiles/startup_stm32h747xx.c.obj
                0x08100336                RTC_WKUP_IRQHandler
 .text.FLASH_IRQHandler
                0x0810033c        0x6 CMakeFiles/BSP.dir/88f47973270f0fc11ad659be62fbf47e/arm-eabi/com.sysprogs.arm.stm32/STM32H7xxxx/StartupFiles/startup_stm32h747xx.c.obj
                0x0810033c                FLASH_IRQHandler
 .text.RCC_IRQHandler
                0x08100342        0x6 CMakeFiles/BSP.dir/88f47973270f0fc11ad659be62fbf47e/arm-eabi/com.sysprogs.arm.stm32/STM32H7xxxx/StartupFiles/startup_stm32h747xx.c.obj
                0x08100342                RCC_IRQHandler
 .text.EXTI0_IRQHandler
                0x08100348        0x6 CMakeFiles/BSP.dir/88f47973270f0fc11ad659be62fbf47e/arm-eabi/com.sysprogs.arm.stm32/STM32H7xxxx/StartupFiles/startup_stm32h747xx.c.obj
                0x08100348                EXTI0_IRQHandler
 .text.EXTI1_IRQHandler
                0x0810034e        0x6 CMakeFiles/BSP.dir/88f47973270f0fc11ad659be62fbf47e/arm-eabi/com.sysprogs.arm.stm32/STM32H7xxxx/StartupFiles/startup_stm32h747xx.c.obj
                0x0810034e                EXTI1_IRQHandler
 .text.EXTI2_IRQHandler
                0x08100354        0x6 CMakeFiles/BSP.dir/88f47973270f0fc11ad659be62fbf47e/arm-eabi/com.sysprogs.arm.stm32/STM32H7xxxx/StartupFiles/startup_stm32h747xx.c.obj
                0x08100354                EXTI2_IRQHandler
 .text.EXTI3_IRQHandler
                0x0810035a        0x6 CMakeFiles/BSP.dir/88f47973270f0fc11ad659be62fbf47e/arm-eabi/com.sysprogs.arm.stm32/STM32H7xxxx/StartupFiles/startup_stm32h747xx.c.obj
                0x0810035a                EXTI3_IRQHandler
 .text.EXTI4_IRQHandler
                0x08100360        0x6 CMakeFiles/BSP.dir/88f47973270f0fc11ad659be62fbf47e/arm-eabi/com.sysprogs.arm.stm32/STM32H7xxxx/StartupFiles/startup_stm32h747xx.c.obj
                0x08100360                EXTI4_IRQHandler
 .text.DMA1_Stream0_IRQHandler
                0x08100366        0x6 CMakeFiles/BSP.dir/88f47973270f0fc11ad659be62fbf47e/arm-eabi/com.sysprogs.arm.stm32/STM32H7xxxx/StartupFiles/startup_stm32h747xx.c.obj
                0x08100366                DMA1_Stream0_IRQHandler
 .text.DMA1_Stream1_IRQHandler
                0x0810036c        0x6 CMakeFiles/BSP.dir/88f47973270f0fc11ad659be62fbf47e/arm-eabi/com.sysprogs.arm.stm32/STM32H7xxxx/StartupFiles/startup_stm32h747xx.c.obj
                0x0810036c                DMA1_Stream1_IRQHandler
 .text.DMA1_Stream2_IRQHandler
                0x08100372        0x6 CMakeFiles/BSP.dir/88f47973270f0fc11ad659be62fbf47e/arm-eabi/com.sysprogs.arm.stm32/STM32H7xxxx/StartupFiles/startup_stm32h747xx.c.obj
                0x08100372                DMA1_Stream2_IRQHandler
 .text.DMA1_Stream3_IRQHandler
                0x08100378        0x6 CMakeFiles/BSP.dir/88f47973270f0fc11ad659be62fbf47e/arm-eabi/com.sysprogs.arm.stm32/STM32H7xxxx/StartupFiles/startup_stm32h747xx.c.obj
                0x08100378                DMA1_Stream3_IRQHandler
 .text.DMA1_Stream4_IRQHandler
                0x0810037e        0x6 CMakeFiles/BSP.dir/88f47973270f0fc11ad659be62fbf47e/arm-eabi/com.sysprogs.arm.stm32/STM32H7xxxx/StartupFiles/startup_stm32h747xx.c.obj
                0x0810037e                DMA1_Stream4_IRQHandler
 .text.DMA1_Stream5_IRQHandler
                0x08100384        0x6 CMakeFiles/BSP.dir/88f47973270f0fc11ad659be62fbf47e/arm-eabi/com.sysprogs.arm.stm32/STM32H7xxxx/StartupFiles/startup_stm32h747xx.c.obj
                0x08100384                DMA1_Stream5_IRQHandler
 .text.DMA1_Stream6_IRQHandler
                0x0810038a        0x6 CMakeFiles/BSP.dir/88f47973270f0fc11ad659be62fbf47e/arm-eabi/com.sysprogs.arm.stm32/STM32H7xxxx/StartupFiles/startup_stm32h747xx.c.obj
                0x0810038a                DMA1_Stream6_IRQHandler
 .text.ADC_IRQHandler
                0x08100390        0x6 CMakeFiles/BSP.dir/88f47973270f0fc11ad659be62fbf47e/arm-eabi/com.sysprogs.arm.stm32/STM32H7xxxx/StartupFiles/startup_stm32h747xx.c.obj
                0x08100390                ADC_IRQHandler
 .text.FDCAN2_IT0_IRQHandler
                0x08100396        0x6 CMakeFiles/BSP.dir/88f47973270f0fc11ad659be62fbf47e/arm-eabi/com.sysprogs.arm.stm32/STM32H7xxxx/StartupFiles/startup_stm32h747xx.c.obj
                0x08100396                FDCAN2_IT0_IRQHandler
 .text.FDCAN1_IT1_IRQHandler
                0x0810039c        0x6 CMakeFiles/BSP.dir/88f47973270f0fc11ad659be62fbf47e/arm-eabi/com.sysprogs.arm.stm32/STM32H7xxxx/StartupFiles/startup_stm32h747xx.c.obj
                0x0810039c                FDCAN1_IT1_IRQHandler
 .text.FDCAN2_IT1_IRQHandler
                0x081003a2        0x6 CMakeFiles/BSP.dir/88f47973270f0fc11ad659be62fbf47e/arm-eabi/com.sysprogs.arm.stm32/STM32H7xxxx/StartupFiles/startup_stm32h747xx.c.obj
                0x081003a2                FDCAN2_IT1_IRQHandler
 .text.EXTI9_5_IRQHandler
                0x081003a8        0x6 CMakeFiles/BSP.dir/88f47973270f0fc11ad659be62fbf47e/arm-eabi/com.sysprogs.arm.stm32/STM32H7xxxx/StartupFiles/startup_stm32h747xx.c.obj
                0x081003a8                EXTI9_5_IRQHandler
 .text.TIM1_BRK_IRQHandler
                0x081003ae        0x6 CMakeFiles/BSP.dir/88f47973270f0fc11ad659be62fbf47e/arm-eabi/com.sysprogs.arm.stm32/STM32H7xxxx/StartupFiles/startup_stm32h747xx.c.obj
                0x081003ae                TIM1_BRK_IRQHandler
 .text.TIM1_UP_IRQHandler
                0x081003b4        0x6 CMakeFiles/BSP.dir/88f47973270f0fc11ad659be62fbf47e/arm-eabi/com.sysprogs.arm.stm32/STM32H7xxxx/StartupFiles/startup_stm32h747xx.c.obj
                0x081003b4                TIM1_UP_IRQHandler
 .text.TIM1_TRG_COM_IRQHandler
                0x081003ba        0x6 CMakeFiles/BSP.dir/88f47973270f0fc11ad659be62fbf47e/arm-eabi/com.sysprogs.arm.stm32/STM32H7xxxx/StartupFiles/startup_stm32h747xx.c.obj
                0x081003ba                TIM1_TRG_COM_IRQHandler
 .text.TIM1_CC_IRQHandler
                0x081003c0        0x6 CMakeFiles/BSP.dir/88f47973270f0fc11ad659be62fbf47e/arm-eabi/com.sysprogs.arm.stm32/STM32H7xxxx/StartupFiles/startup_stm32h747xx.c.obj
                0x081003c0                TIM1_CC_IRQHandler
 .text.TIM2_IRQHandler
                0x081003c6        0x6 CMakeFiles/BSP.dir/88f47973270f0fc11ad659be62fbf47e/arm-eabi/com.sysprogs.arm.stm32/STM32H7xxxx/StartupFiles/startup_stm32h747xx.c.obj
                0x081003c6                TIM2_IRQHandler
 .text.TIM3_IRQHandler
                0x081003cc        0x6 CMakeFiles/BSP.dir/88f47973270f0fc11ad659be62fbf47e/arm-eabi/com.sysprogs.arm.stm32/STM32H7xxxx/StartupFiles/startup_stm32h747xx.c.obj
                0x081003cc                TIM3_IRQHandler
 .text.TIM4_IRQHandler
                0x081003d2        0x6 CMakeFiles/BSP.dir/88f47973270f0fc11ad659be62fbf47e/arm-eabi/com.sysprogs.arm.stm32/STM32H7xxxx/StartupFiles/startup_stm32h747xx.c.obj
                0x081003d2                TIM4_IRQHandler
 .text.I2C1_EV_IRQHandler
                0x081003d8        0x6 CMakeFiles/BSP.dir/88f47973270f0fc11ad659be62fbf47e/arm-eabi/com.sysprogs.arm.stm32/STM32H7xxxx/StartupFiles/startup_stm32h747xx.c.obj
                0x081003d8                I2C1_EV_IRQHandler
 .text.I2C1_ER_IRQHandler
                0x081003de        0x6 CMakeFiles/BSP.dir/88f47973270f0fc11ad659be62fbf47e/arm-eabi/com.sysprogs.arm.stm32/STM32H7xxxx/StartupFiles/startup_stm32h747xx.c.obj
                0x081003de                I2C1_ER_IRQHandler
 .text.I2C2_EV_IRQHandler
                0x081003e4        0x6 CMakeFiles/BSP.dir/88f47973270f0fc11ad659be62fbf47e/arm-eabi/com.sysprogs.arm.stm32/STM32H7xxxx/StartupFiles/startup_stm32h747xx.c.obj
                0x081003e4                I2C2_EV_IRQHandler
 .text.I2C2_ER_IRQHandler
                0x081003ea        0x6 CMakeFiles/BSP.dir/88f47973270f0fc11ad659be62fbf47e/arm-eabi/com.sysprogs.arm.stm32/STM32H7xxxx/StartupFiles/startup_stm32h747xx.c.obj
                0x081003ea                I2C2_ER_IRQHandler
 .text.SPI1_IRQHandler
                0x081003f0        0x6 CMakeFiles/BSP.dir/88f47973270f0fc11ad659be62fbf47e/arm-eabi/com.sysprogs.arm.stm32/STM32H7xxxx/StartupFiles/startup_stm32h747xx.c.obj
                0x081003f0                SPI1_IRQHandler
 .text.SPI2_IRQHandler
                0x081003f6        0x6 CMakeFiles/BSP.dir/88f47973270f0fc11ad659be62fbf47e/arm-eabi/com.sysprogs.arm.stm32/STM32H7xxxx/StartupFiles/startup_stm32h747xx.c.obj
                0x081003f6                SPI2_IRQHandler
 .text.USART1_IRQHandler
                0x081003fc        0x6 CMakeFiles/BSP.dir/88f47973270f0fc11ad659be62fbf47e/arm-eabi/com.sysprogs.arm.stm32/STM32H7xxxx/StartupFiles/startup_stm32h747xx.c.obj
                0x081003fc                USART1_IRQHandler
 .text.USART2_IRQHandler
                0x08100402        0x6 CMakeFiles/BSP.dir/88f47973270f0fc11ad659be62fbf47e/arm-eabi/com.sysprogs.arm.stm32/STM32H7xxxx/StartupFiles/startup_stm32h747xx.c.obj
                0x08100402                USART2_IRQHandler
 .text.USART3_IRQHandler
                0x08100408        0x6 CMakeFiles/BSP.dir/88f47973270f0fc11ad659be62fbf47e/arm-eabi/com.sysprogs.arm.stm32/STM32H7xxxx/StartupFiles/startup_stm32h747xx.c.obj
                0x08100408                USART3_IRQHandler
 .text.EXTI15_10_IRQHandler
                0x0810040e        0x6 CMakeFiles/BSP.dir/88f47973270f0fc11ad659be62fbf47e/arm-eabi/com.sysprogs.arm.stm32/STM32H7xxxx/StartupFiles/startup_stm32h747xx.c.obj
                0x0810040e                EXTI15_10_IRQHandler
 .text.RTC_Alarm_IRQHandler
                0x08100414        0x6 CMakeFiles/BSP.dir/88f47973270f0fc11ad659be62fbf47e/arm-eabi/com.sysprogs.arm.stm32/STM32H7xxxx/StartupFiles/startup_stm32h747xx.c.obj
                0x08100414                RTC_Alarm_IRQHandler
 .text.TIM8_BRK_TIM12_IRQHandler
                0x0810041a        0x6 CMakeFiles/BSP.dir/88f47973270f0fc11ad659be62fbf47e/arm-eabi/com.sysprogs.arm.stm32/STM32H7xxxx/StartupFiles/startup_stm32h747xx.c.obj
                0x0810041a                TIM8_BRK_TIM12_IRQHandler
 .text.TIM8_UP_TIM13_IRQHandler
                0x08100420        0x6 CMakeFiles/BSP.dir/88f47973270f0fc11ad659be62fbf47e/arm-eabi/com.sysprogs.arm.stm32/STM32H7xxxx/StartupFiles/startup_stm32h747xx.c.obj
                0x08100420                TIM8_UP_TIM13_IRQHandler
 .text.TIM8_TRG_COM_TIM14_IRQHandler
                0x08100426        0x6 CMakeFiles/BSP.dir/88f47973270f0fc11ad659be62fbf47e/arm-eabi/com.sysprogs.arm.stm32/STM32H7xxxx/StartupFiles/startup_stm32h747xx.c.obj
                0x08100426                TIM8_TRG_COM_TIM14_IRQHandler
 .text.TIM8_CC_IRQHandler
                0x0810042c        0x6 CMakeFiles/BSP.dir/88f47973270f0fc11ad659be62fbf47e/arm-eabi/com.sysprogs.arm.stm32/STM32H7xxxx/StartupFiles/startup_stm32h747xx.c.obj
                0x0810042c                TIM8_CC_IRQHandler
 .text.DMA1_Stream7_IRQHandler
                0x08100432        0x6 CMakeFiles/BSP.dir/88f47973270f0fc11ad659be62fbf47e/arm-eabi/com.sysprogs.arm.stm32/STM32H7xxxx/StartupFiles/startup_stm32h747xx.c.obj
                0x08100432                DMA1_Stream7_IRQHandler
 .text.FMC_IRQHandler
                0x08100438        0x6 CMakeFiles/BSP.dir/88f47973270f0fc11ad659be62fbf47e/arm-eabi/com.sysprogs.arm.stm32/STM32H7xxxx/StartupFiles/startup_stm32h747xx.c.obj
                0x08100438                FMC_IRQHandler
 .text.SDMMC1_IRQHandler
                0x0810043e        0x6 CMakeFiles/BSP.dir/88f47973270f0fc11ad659be62fbf47e/arm-eabi/com.sysprogs.arm.stm32/STM32H7xxxx/StartupFiles/startup_stm32h747xx.c.obj
                0x0810043e                SDMMC1_IRQHandler
 .text.TIM5_IRQHandler
                0x08100444        0x6 CMakeFiles/BSP.dir/88f47973270f0fc11ad659be62fbf47e/arm-eabi/com.sysprogs.arm.stm32/STM32H7xxxx/StartupFiles/startup_stm32h747xx.c.obj
                0x08100444                TIM5_IRQHandler
 .text.SPI3_IRQHandler
                0x0810044a        0x6 CMakeFiles/BSP.dir/88f47973270f0fc11ad659be62fbf47e/arm-eabi/com.sysprogs.arm.stm32/STM32H7xxxx/StartupFiles/startup_stm32h747xx.c.obj
                0x0810044a                SPI3_IRQHandler
 .text.UART4_IRQHandler
                0x08100450        0x6 CMakeFiles/BSP.dir/88f47973270f0fc11ad659be62fbf47e/arm-eabi/com.sysprogs.arm.stm32/STM32H7xxxx/StartupFiles/startup_stm32h747xx.c.obj
                0x08100450                UART4_IRQHandler
 .text.UART5_IRQHandler
                0x08100456        0x6 CMakeFiles/BSP.dir/88f47973270f0fc11ad659be62fbf47e/arm-eabi/com.sysprogs.arm.stm32/STM32H7xxxx/StartupFiles/startup_stm32h747xx.c.obj
                0x08100456                UART5_IRQHandler
 .text.TIM6_DAC_IRQHandler
                0x0810045c        0x6 CMakeFiles/BSP.dir/88f47973270f0fc11ad659be62fbf47e/arm-eabi/com.sysprogs.arm.stm32/STM32H7xxxx/StartupFiles/startup_stm32h747xx.c.obj
                0x0810045c                TIM6_DAC_IRQHandler
 .text.TIM7_IRQHandler
                0x08100462        0x6 CMakeFiles/BSP.dir/88f47973270f0fc11ad659be62fbf47e/arm-eabi/com.sysprogs.arm.stm32/STM32H7xxxx/StartupFiles/startup_stm32h747xx.c.obj
                0x08100462                TIM7_IRQHandler
 .text.DMA2_Stream0_IRQHandler
                0x08100468        0x6 CMakeFiles/BSP.dir/88f47973270f0fc11ad659be62fbf47e/arm-eabi/com.sysprogs.arm.stm32/STM32H7xxxx/StartupFiles/startup_stm32h747xx.c.obj
                0x08100468                DMA2_Stream0_IRQHandler
 .text.DMA2_Stream1_IRQHandler
                0x0810046e        0x6 CMakeFiles/BSP.dir/88f47973270f0fc11ad659be62fbf47e/arm-eabi/com.sysprogs.arm.stm32/STM32H7xxxx/StartupFiles/startup_stm32h747xx.c.obj
                0x0810046e                DMA2_Stream1_IRQHandler
 .text.DMA2_Stream2_IRQHandler
                0x08100474        0x6 CMakeFiles/BSP.dir/88f47973270f0fc11ad659be62fbf47e/arm-eabi/com.sysprogs.arm.stm32/STM32H7xxxx/StartupFiles/startup_stm32h747xx.c.obj
                0x08100474                DMA2_Stream2_IRQHandler
 .text.DMA2_Stream3_IRQHandler
                0x0810047a        0x6 CMakeFiles/BSP.dir/88f47973270f0fc11ad659be62fbf47e/arm-eabi/com.sysprogs.arm.stm32/STM32H7xxxx/StartupFiles/startup_stm32h747xx.c.obj
                0x0810047a                DMA2_Stream3_IRQHandler
 .text.DMA2_Stream4_IRQHandler
                0x08100480        0x6 CMakeFiles/BSP.dir/88f47973270f0fc11ad659be62fbf47e/arm-eabi/com.sysprogs.arm.stm32/STM32H7xxxx/StartupFiles/startup_stm32h747xx.c.obj
                0x08100480                DMA2_Stream4_IRQHandler
 .text.ETH_IRQHandler
                0x08100486        0x6 CMakeFiles/BSP.dir/88f47973270f0fc11ad659be62fbf47e/arm-eabi/com.sysprogs.arm.stm32/STM32H7xxxx/StartupFiles/startup_stm32h747xx.c.obj
                0x08100486                ETH_IRQHandler
 .text.ETH_WKUP_IRQHandler
                0x0810048c        0x6 CMakeFiles/BSP.dir/88f47973270f0fc11ad659be62fbf47e/arm-eabi/com.sysprogs.arm.stm32/STM32H7xxxx/StartupFiles/startup_stm32h747xx.c.obj
                0x0810048c                ETH_WKUP_IRQHandler
 .text.FDCAN_CAL_IRQHandler
                0x08100492        0x6 CMakeFiles/BSP.dir/88f47973270f0fc11ad659be62fbf47e/arm-eabi/com.sysprogs.arm.stm32/STM32H7xxxx/StartupFiles/startup_stm32h747xx.c.obj
                0x08100492                FDCAN_CAL_IRQHandler
 .text.CM7_SEV_IRQHandler
                0x08100498        0x6 CMakeFiles/BSP.dir/88f47973270f0fc11ad659be62fbf47e/arm-eabi/com.sysprogs.arm.stm32/STM32H7xxxx/StartupFiles/startup_stm32h747xx.c.obj
                0x08100498                CM7_SEV_IRQHandler
 .text.CM4_SEV_IRQHandler
                0x0810049e        0x6 CMakeFiles/BSP.dir/88f47973270f0fc11ad659be62fbf47e/arm-eabi/com.sysprogs.arm.stm32/STM32H7xxxx/StartupFiles/startup_stm32h747xx.c.obj
                0x0810049e                CM4_SEV_IRQHandler
 .text.DMA2_Stream5_IRQHandler
                0x081004a4        0x6 CMakeFiles/BSP.dir/88f47973270f0fc11ad659be62fbf47e/arm-eabi/com.sysprogs.arm.stm32/STM32H7xxxx/StartupFiles/startup_stm32h747xx.c.obj
                0x081004a4                DMA2_Stream5_IRQHandler
 .text.DMA2_Stream6_IRQHandler
                0x081004aa        0x6 CMakeFiles/BSP.dir/88f47973270f0fc11ad659be62fbf47e/arm-eabi/com.sysprogs.arm.stm32/STM32H7xxxx/StartupFiles/startup_stm32h747xx.c.obj
                0x081004aa                DMA2_Stream6_IRQHandler
 .text.DMA2_Stream7_IRQHandler
                0x081004b0        0x6 CMakeFiles/BSP.dir/88f47973270f0fc11ad659be62fbf47e/arm-eabi/com.sysprogs.arm.stm32/STM32H7xxxx/StartupFiles/startup_stm32h747xx.c.obj
                0x081004b0                DMA2_Stream7_IRQHandler
 .text.USART6_IRQHandler
                0x081004b6        0x6 CMakeFiles/BSP.dir/88f47973270f0fc11ad659be62fbf47e/arm-eabi/com.sysprogs.arm.stm32/STM32H7xxxx/StartupFiles/startup_stm32h747xx.c.obj
                0x081004b6                USART6_IRQHandler
 .text.I2C3_EV_IRQHandler
                0x081004bc        0x6 CMakeFiles/BSP.dir/88f47973270f0fc11ad659be62fbf47e/arm-eabi/com.sysprogs.arm.stm32/STM32H7xxxx/StartupFiles/startup_stm32h747xx.c.obj
                0x081004bc                I2C3_EV_IRQHandler
 .text.I2C3_ER_IRQHandler
                0x081004c2        0x6 CMakeFiles/BSP.dir/88f47973270f0fc11ad659be62fbf47e/arm-eabi/com.sysprogs.arm.stm32/STM32H7xxxx/StartupFiles/startup_stm32h747xx.c.obj
                0x081004c2                I2C3_ER_IRQHandler
 .text.OTG_HS_EP1_OUT_IRQHandler
                0x081004c8        0x6 CMakeFiles/BSP.dir/88f47973270f0fc11ad659be62fbf47e/arm-eabi/com.sysprogs.arm.stm32/STM32H7xxxx/StartupFiles/startup_stm32h747xx.c.obj
                0x081004c8                OTG_HS_EP1_OUT_IRQHandler
 .text.OTG_HS_EP1_IN_IRQHandler
                0x081004ce        0x6 CMakeFiles/BSP.dir/88f47973270f0fc11ad659be62fbf47e/arm-eabi/com.sysprogs.arm.stm32/STM32H7xxxx/StartupFiles/startup_stm32h747xx.c.obj
                0x081004ce                OTG_HS_EP1_IN_IRQHandler
 .text.OTG_HS_WKUP_IRQHandler
                0x081004d4        0x6 CMakeFiles/BSP.dir/88f47973270f0fc11ad659be62fbf47e/arm-eabi/com.sysprogs.arm.stm32/STM32H7xxxx/StartupFiles/startup_stm32h747xx.c.obj
                0x081004d4                OTG_HS_WKUP_IRQHandler
 .text.OTG_HS_IRQHandler
                0x081004da        0x6 CMakeFiles/BSP.dir/88f47973270f0fc11ad659be62fbf47e/arm-eabi/com.sysprogs.arm.stm32/STM32H7xxxx/StartupFiles/startup_stm32h747xx.c.obj
                0x081004da                OTG_HS_IRQHandler
 .text.DCMI_IRQHandler
                0x081004e0        0x6 CMakeFiles/BSP.dir/88f47973270f0fc11ad659be62fbf47e/arm-eabi/com.sysprogs.arm.stm32/STM32H7xxxx/StartupFiles/startup_stm32h747xx.c.obj
                0x081004e0                DCMI_IRQHandler
 .text.RNG_IRQHandler
                0x081004e6        0x6 CMakeFiles/BSP.dir/88f47973270f0fc11ad659be62fbf47e/arm-eabi/com.sysprogs.arm.stm32/STM32H7xxxx/StartupFiles/startup_stm32h747xx.c.obj
                0x081004e6                RNG_IRQHandler
 .text.FPU_IRQHandler
                0x081004ec        0x6 CMakeFiles/BSP.dir/88f47973270f0fc11ad659be62fbf47e/arm-eabi/com.sysprogs.arm.stm32/STM32H7xxxx/StartupFiles/startup_stm32h747xx.c.obj
                0x081004ec                FPU_IRQHandler
 .text.UART7_IRQHandler
                0x081004f2        0x6 CMakeFiles/BSP.dir/88f47973270f0fc11ad659be62fbf47e/arm-eabi/com.sysprogs.arm.stm32/STM32H7xxxx/StartupFiles/startup_stm32h747xx.c.obj
                0x081004f2                UART7_IRQHandler
 .text.UART8_IRQHandler
                0x081004f8        0x6 CMakeFiles/BSP.dir/88f47973270f0fc11ad659be62fbf47e/arm-eabi/com.sysprogs.arm.stm32/STM32H7xxxx/StartupFiles/startup_stm32h747xx.c.obj
                0x081004f8                UART8_IRQHandler
 .text.SPI4_IRQHandler
                0x081004fe        0x6 CMakeFiles/BSP.dir/88f47973270f0fc11ad659be62fbf47e/arm-eabi/com.sysprogs.arm.stm32/STM32H7xxxx/StartupFiles/startup_stm32h747xx.c.obj
                0x081004fe                SPI4_IRQHandler
 .text.SPI5_IRQHandler
                0x08100504        0x6 CMakeFiles/BSP.dir/88f47973270f0fc11ad659be62fbf47e/arm-eabi/com.sysprogs.arm.stm32/STM32H7xxxx/StartupFiles/startup_stm32h747xx.c.obj
                0x08100504                SPI5_IRQHandler
 .text.SPI6_IRQHandler
                0x0810050a        0x6 CMakeFiles/BSP.dir/88f47973270f0fc11ad659be62fbf47e/arm-eabi/com.sysprogs.arm.stm32/STM32H7xxxx/StartupFiles/startup_stm32h747xx.c.obj
                0x0810050a                SPI6_IRQHandler
 .text.SAI1_IRQHandler
                0x08100510        0x6 CMakeFiles/BSP.dir/88f47973270f0fc11ad659be62fbf47e/arm-eabi/com.sysprogs.arm.stm32/STM32H7xxxx/StartupFiles/startup_stm32h747xx.c.obj
                0x08100510                SAI1_IRQHandler
 .text.LTDC_IRQHandler
                0x08100516        0x6 CMakeFiles/BSP.dir/88f47973270f0fc11ad659be62fbf47e/arm-eabi/com.sysprogs.arm.stm32/STM32H7xxxx/StartupFiles/startup_stm32h747xx.c.obj
                0x08100516                LTDC_IRQHandler
 .text.LTDC_ER_IRQHandler
                0x0810051c        0x6 CMakeFiles/BSP.dir/88f47973270f0fc11ad659be62fbf47e/arm-eabi/com.sysprogs.arm.stm32/STM32H7xxxx/StartupFiles/startup_stm32h747xx.c.obj
                0x0810051c                LTDC_ER_IRQHandler
 .text.DMA2D_IRQHandler
                0x08100522        0x6 CMakeFiles/BSP.dir/88f47973270f0fc11ad659be62fbf47e/arm-eabi/com.sysprogs.arm.stm32/STM32H7xxxx/StartupFiles/startup_stm32h747xx.c.obj
                0x08100522                DMA2D_IRQHandler
 .text.SAI2_IRQHandler
                0x08100528        0x6 CMakeFiles/BSP.dir/88f47973270f0fc11ad659be62fbf47e/arm-eabi/com.sysprogs.arm.stm32/STM32H7xxxx/StartupFiles/startup_stm32h747xx.c.obj
                0x08100528                SAI2_IRQHandler
 .text.QUADSPI_IRQHandler
                0x0810052e        0x6 CMakeFiles/BSP.dir/88f47973270f0fc11ad659be62fbf47e/arm-eabi/com.sysprogs.arm.stm32/STM32H7xxxx/StartupFiles/startup_stm32h747xx.c.obj
                0x0810052e                QUADSPI_IRQHandler
 .text.LPTIM1_IRQHandler
                0x08100534        0x6 CMakeFiles/BSP.dir/88f47973270f0fc11ad659be62fbf47e/arm-eabi/com.sysprogs.arm.stm32/STM32H7xxxx/StartupFiles/startup_stm32h747xx.c.obj
                0x08100534                LPTIM1_IRQHandler
 .text.CEC_IRQHandler
                0x0810053a        0x6 CMakeFiles/BSP.dir/88f47973270f0fc11ad659be62fbf47e/arm-eabi/com.sysprogs.arm.stm32/STM32H7xxxx/StartupFiles/startup_stm32h747xx.c.obj
                0x0810053a                CEC_IRQHandler
 .text.I2C4_EV_IRQHandler
                0x08100540        0x6 CMakeFiles/BSP.dir/88f47973270f0fc11ad659be62fbf47e/arm-eabi/com.sysprogs.arm.stm32/STM32H7xxxx/StartupFiles/startup_stm32h747xx.c.obj
                0x08100540                I2C4_EV_IRQHandler
 .text.I2C4_ER_IRQHandler
                0x08100546        0x6 CMakeFiles/BSP.dir/88f47973270f0fc11ad659be62fbf47e/arm-eabi/com.sysprogs.arm.stm32/STM32H7xxxx/StartupFiles/startup_stm32h747xx.c.obj
                0x08100546                I2C4_ER_IRQHandler
 .text.SPDIF_RX_IRQHandler
                0x0810054c        0x6 CMakeFiles/BSP.dir/88f47973270f0fc11ad659be62fbf47e/arm-eabi/com.sysprogs.arm.stm32/STM32H7xxxx/StartupFiles/startup_stm32h747xx.c.obj
                0x0810054c                SPDIF_RX_IRQHandler
 .text.OTG_FS_EP1_OUT_IRQHandler
                0x08100552        0x6 CMakeFiles/BSP.dir/88f47973270f0fc11ad659be62fbf47e/arm-eabi/com.sysprogs.arm.stm32/STM32H7xxxx/StartupFiles/startup_stm32h747xx.c.obj
                0x08100552                OTG_FS_EP1_OUT_IRQHandler
 .text.OTG_FS_EP1_IN_IRQHandler
                0x08100558        0x6 CMakeFiles/BSP.dir/88f47973270f0fc11ad659be62fbf47e/arm-eabi/com.sysprogs.arm.stm32/STM32H7xxxx/StartupFiles/startup_stm32h747xx.c.obj
                0x08100558                OTG_FS_EP1_IN_IRQHandler
 .text.OTG_FS_WKUP_IRQHandler
                0x0810055e        0x6 CMakeFiles/BSP.dir/88f47973270f0fc11ad659be62fbf47e/arm-eabi/com.sysprogs.arm.stm32/STM32H7xxxx/StartupFiles/startup_stm32h747xx.c.obj
                0x0810055e                OTG_FS_WKUP_IRQHandler
 .text.OTG_FS_IRQHandler
                0x08100564        0x6 CMakeFiles/BSP.dir/88f47973270f0fc11ad659be62fbf47e/arm-eabi/com.sysprogs.arm.stm32/STM32H7xxxx/StartupFiles/startup_stm32h747xx.c.obj
                0x08100564                OTG_FS_IRQHandler
 .text.DMAMUX1_OVR_IRQHandler
                0x0810056a        0x6 CMakeFiles/BSP.dir/88f47973270f0fc11ad659be62fbf47e/arm-eabi/com.sysprogs.arm.stm32/STM32H7xxxx/StartupFiles/startup_stm32h747xx.c.obj
                0x0810056a                DMAMUX1_OVR_IRQHandler
 .text.HRTIM1_Master_IRQHandler
                0x08100570        0x6 CMakeFiles/BSP.dir/88f47973270f0fc11ad659be62fbf47e/arm-eabi/com.sysprogs.arm.stm32/STM32H7xxxx/StartupFiles/startup_stm32h747xx.c.obj
                0x08100570                HRTIM1_Master_IRQHandler
 .text.HRTIM1_TIMA_IRQHandler
                0x08100576        0x6 CMakeFiles/BSP.dir/88f47973270f0fc11ad659be62fbf47e/arm-eabi/com.sysprogs.arm.stm32/STM32H7xxxx/StartupFiles/startup_stm32h747xx.c.obj
                0x08100576                HRTIM1_TIMA_IRQHandler
 .text.HRTIM1_TIMB_IRQHandler
                0x0810057c        0x6 CMakeFiles/BSP.dir/88f47973270f0fc11ad659be62fbf47e/arm-eabi/com.sysprogs.arm.stm32/STM32H7xxxx/StartupFiles/startup_stm32h747xx.c.obj
                0x0810057c                HRTIM1_TIMB_IRQHandler
 .text.HRTIM1_TIMC_IRQHandler
                0x08100582        0x6 CMakeFiles/BSP.dir/88f47973270f0fc11ad659be62fbf47e/arm-eabi/com.sysprogs.arm.stm32/STM32H7xxxx/StartupFiles/startup_stm32h747xx.c.obj
                0x08100582                HRTIM1_TIMC_IRQHandler
 .text.HRTIM1_TIMD_IRQHandler
                0x08100588        0x6 CMakeFiles/BSP.dir/88f47973270f0fc11ad659be62fbf47e/arm-eabi/com.sysprogs.arm.stm32/STM32H7xxxx/StartupFiles/startup_stm32h747xx.c.obj
                0x08100588                HRTIM1_TIMD_IRQHandler
 .text.HRTIM1_TIME_IRQHandler
                0x0810058e        0x6 CMakeFiles/BSP.dir/88f47973270f0fc11ad659be62fbf47e/arm-eabi/com.sysprogs.arm.stm32/STM32H7xxxx/StartupFiles/startup_stm32h747xx.c.obj
                0x0810058e                HRTIM1_TIME_IRQHandler
 .text.HRTIM1_FLT_IRQHandler
                0x08100594        0x6 CMakeFiles/BSP.dir/88f47973270f0fc11ad659be62fbf47e/arm-eabi/com.sysprogs.arm.stm32/STM32H7xxxx/StartupFiles/startup_stm32h747xx.c.obj
                0x08100594                HRTIM1_FLT_IRQHandler
 .text.DFSDM1_FLT0_IRQHandler
                0x0810059a        0x6 CMakeFiles/BSP.dir/88f47973270f0fc11ad659be62fbf47e/arm-eabi/com.sysprogs.arm.stm32/STM32H7xxxx/StartupFiles/startup_stm32h747xx.c.obj
                0x0810059a                DFSDM1_FLT0_IRQHandler
 .text.DFSDM1_FLT1_IRQHandler
                0x081005a0        0x6 CMakeFiles/BSP.dir/88f47973270f0fc11ad659be62fbf47e/arm-eabi/com.sysprogs.arm.stm32/STM32H7xxxx/StartupFiles/startup_stm32h747xx.c.obj
                0x081005a0                DFSDM1_FLT1_IRQHandler
 .text.DFSDM1_FLT2_IRQHandler
                0x081005a6        0x6 CMakeFiles/BSP.dir/88f47973270f0fc11ad659be62fbf47e/arm-eabi/com.sysprogs.arm.stm32/STM32H7xxxx/StartupFiles/startup_stm32h747xx.c.obj
                0x081005a6                DFSDM1_FLT2_IRQHandler
 .text.DFSDM1_FLT3_IRQHandler
                0x081005ac        0x6 CMakeFiles/BSP.dir/88f47973270f0fc11ad659be62fbf47e/arm-eabi/com.sysprogs.arm.stm32/STM32H7xxxx/StartupFiles/startup_stm32h747xx.c.obj
                0x081005ac                DFSDM1_FLT3_IRQHandler
 .text.SAI3_IRQHandler
                0x081005b2        0x6 CMakeFiles/BSP.dir/88f47973270f0fc11ad659be62fbf47e/arm-eabi/com.sysprogs.arm.stm32/STM32H7xxxx/StartupFiles/startup_stm32h747xx.c.obj
                0x081005b2                SAI3_IRQHandler
 .text.SWPMI1_IRQHandler
                0x081005b8        0x6 CMakeFiles/BSP.dir/88f47973270f0fc11ad659be62fbf47e/arm-eabi/com.sysprogs.arm.stm32/STM32H7xxxx/StartupFiles/startup_stm32h747xx.c.obj
                0x081005b8                SWPMI1_IRQHandler
 .text.TIM15_IRQHandler
                0x081005be        0x6 CMakeFiles/BSP.dir/88f47973270f0fc11ad659be62fbf47e/arm-eabi/com.sysprogs.arm.stm32/STM32H7xxxx/StartupFiles/startup_stm32h747xx.c.obj
                0x081005be                TIM15_IRQHandler
 .text.TIM16_IRQHandler
                0x081005c4        0x6 CMakeFiles/BSP.dir/88f47973270f0fc11ad659be62fbf47e/arm-eabi/com.sysprogs.arm.stm32/STM32H7xxxx/StartupFiles/startup_stm32h747xx.c.obj
                0x081005c4                TIM16_IRQHandler
 .text.TIM17_IRQHandler
                0x081005ca        0x6 CMakeFiles/BSP.dir/88f47973270f0fc11ad659be62fbf47e/arm-eabi/com.sysprogs.arm.stm32/STM32H7xxxx/StartupFiles/startup_stm32h747xx.c.obj
                0x081005ca                TIM17_IRQHandler
 .text.MDIOS_WKUP_IRQHandler
                0x081005d0        0x6 CMakeFiles/BSP.dir/88f47973270f0fc11ad659be62fbf47e/arm-eabi/com.sysprogs.arm.stm32/STM32H7xxxx/StartupFiles/startup_stm32h747xx.c.obj
                0x081005d0                MDIOS_WKUP_IRQHandler
 .text.MDIOS_IRQHandler
                0x081005d6        0x6 CMakeFiles/BSP.dir/88f47973270f0fc11ad659be62fbf47e/arm-eabi/com.sysprogs.arm.stm32/STM32H7xxxx/StartupFiles/startup_stm32h747xx.c.obj
                0x081005d6                MDIOS_IRQHandler
 .text.JPEG_IRQHandler
                0x081005dc        0x6 CMakeFiles/BSP.dir/88f47973270f0fc11ad659be62fbf47e/arm-eabi/com.sysprogs.arm.stm32/STM32H7xxxx/StartupFiles/startup_stm32h747xx.c.obj
                0x081005dc                JPEG_IRQHandler
 .text.MDMA_IRQHandler
                0x081005e2        0x6 CMakeFiles/BSP.dir/88f47973270f0fc11ad659be62fbf47e/arm-eabi/com.sysprogs.arm.stm32/STM32H7xxxx/StartupFiles/startup_stm32h747xx.c.obj
                0x081005e2                MDMA_IRQHandler
 .text.DSI_IRQHandler
                0x081005e8        0x6 CMakeFiles/BSP.dir/88f47973270f0fc11ad659be62fbf47e/arm-eabi/com.sysprogs.arm.stm32/STM32H7xxxx/StartupFiles/startup_stm32h747xx.c.obj
                0x081005e8                DSI_IRQHandler
 .text.SDMMC2_IRQHandler
                0x081005ee        0x6 CMakeFiles/BSP.dir/88f47973270f0fc11ad659be62fbf47e/arm-eabi/com.sysprogs.arm.stm32/STM32H7xxxx/StartupFiles/startup_stm32h747xx.c.obj
                0x081005ee                SDMMC2_IRQHandler
 .text.HSEM1_IRQHandler
                0x081005f4        0x6 CMakeFiles/BSP.dir/88f47973270f0fc11ad659be62fbf47e/arm-eabi/com.sysprogs.arm.stm32/STM32H7xxxx/StartupFiles/startup_stm32h747xx.c.obj
                0x081005f4                HSEM1_IRQHandler
 .text.ADC3_IRQHandler
                0x081005fa        0x6 CMakeFiles/BSP.dir/88f47973270f0fc11ad659be62fbf47e/arm-eabi/com.sysprogs.arm.stm32/STM32H7xxxx/StartupFiles/startup_stm32h747xx.c.obj
                0x081005fa                ADC3_IRQHandler
 .text.DMAMUX2_OVR_IRQHandler
                0x08100600        0x6 CMakeFiles/BSP.dir/88f47973270f0fc11ad659be62fbf47e/arm-eabi/com.sysprogs.arm.stm32/STM32H7xxxx/StartupFiles/startup_stm32h747xx.c.obj
                0x08100600                DMAMUX2_OVR_IRQHandler
 .text.BDMA_Channel0_IRQHandler
                0x08100606        0x6 CMakeFiles/BSP.dir/88f47973270f0fc11ad659be62fbf47e/arm-eabi/com.sysprogs.arm.stm32/STM32H7xxxx/StartupFiles/startup_stm32h747xx.c.obj
                0x08100606                BDMA_Channel0_IRQHandler
 .text.BDMA_Channel1_IRQHandler
                0x0810060c        0x6 CMakeFiles/BSP.dir/88f47973270f0fc11ad659be62fbf47e/arm-eabi/com.sysprogs.arm.stm32/STM32H7xxxx/StartupFiles/startup_stm32h747xx.c.obj
                0x0810060c                BDMA_Channel1_IRQHandler
 .text.BDMA_Channel2_IRQHandler
                0x08100612        0x6 CMakeFiles/BSP.dir/88f47973270f0fc11ad659be62fbf47e/arm-eabi/com.sysprogs.arm.stm32/STM32H7xxxx/StartupFiles/startup_stm32h747xx.c.obj
                0x08100612                BDMA_Channel2_IRQHandler
 .text.BDMA_Channel3_IRQHandler
                0x08100618        0x6 CMakeFiles/BSP.dir/88f47973270f0fc11ad659be62fbf47e/arm-eabi/com.sysprogs.arm.stm32/STM32H7xxxx/StartupFiles/startup_stm32h747xx.c.obj
                0x08100618                BDMA_Channel3_IRQHandler
 .text.BDMA_Channel4_IRQHandler
                0x0810061e        0x6 CMakeFiles/BSP.dir/88f47973270f0fc11ad659be62fbf47e/arm-eabi/com.sysprogs.arm.stm32/STM32H7xxxx/StartupFiles/startup_stm32h747xx.c.obj
                0x0810061e                BDMA_Channel4_IRQHandler
 .text.BDMA_Channel5_IRQHandler
                0x08100624        0x6 CMakeFiles/BSP.dir/88f47973270f0fc11ad659be62fbf47e/arm-eabi/com.sysprogs.arm.stm32/STM32H7xxxx/StartupFiles/startup_stm32h747xx.c.obj
                0x08100624                BDMA_Channel5_IRQHandler
 .text.BDMA_Channel6_IRQHandler
                0x0810062a        0x6 CMakeFiles/BSP.dir/88f47973270f0fc11ad659be62fbf47e/arm-eabi/com.sysprogs.arm.stm32/STM32H7xxxx/StartupFiles/startup_stm32h747xx.c.obj
                0x0810062a                BDMA_Channel6_IRQHandler
 .text.BDMA_Channel7_IRQHandler
                0x08100630        0x6 CMakeFiles/BSP.dir/88f47973270f0fc11ad659be62fbf47e/arm-eabi/com.sysprogs.arm.stm32/STM32H7xxxx/StartupFiles/startup_stm32h747xx.c.obj
                0x08100630                BDMA_Channel7_IRQHandler
 .text.COMP1_IRQHandler
                0x08100636        0x6 CMakeFiles/BSP.dir/88f47973270f0fc11ad659be62fbf47e/arm-eabi/com.sysprogs.arm.stm32/STM32H7xxxx/StartupFiles/startup_stm32h747xx.c.obj
                0x08100636                COMP1_IRQHandler
 .text.LPTIM2_IRQHandler
                0x0810063c        0x6 CMakeFiles/BSP.dir/88f47973270f0fc11ad659be62fbf47e/arm-eabi/com.sysprogs.arm.stm32/STM32H7xxxx/StartupFiles/startup_stm32h747xx.c.obj
                0x0810063c                LPTIM2_IRQHandler
 .text.LPTIM3_IRQHandler
                0x08100642        0x6 CMakeFiles/BSP.dir/88f47973270f0fc11ad659be62fbf47e/arm-eabi/com.sysprogs.arm.stm32/STM32H7xxxx/StartupFiles/startup_stm32h747xx.c.obj
                0x08100642                LPTIM3_IRQHandler
 .text.LPTIM4_IRQHandler
                0x08100648        0x6 CMakeFiles/BSP.dir/88f47973270f0fc11ad659be62fbf47e/arm-eabi/com.sysprogs.arm.stm32/STM32H7xxxx/StartupFiles/startup_stm32h747xx.c.obj
                0x08100648                LPTIM4_IRQHandler
 .text.LPTIM5_IRQHandler
                0x0810064e        0x6 CMakeFiles/BSP.dir/88f47973270f0fc11ad659be62fbf47e/arm-eabi/com.sysprogs.arm.stm32/STM32H7xxxx/StartupFiles/startup_stm32h747xx.c.obj
                0x0810064e                LPTIM5_IRQHandler
 .text.LPUART1_IRQHandler
                0x08100654        0x6 CMakeFiles/BSP.dir/88f47973270f0fc11ad659be62fbf47e/arm-eabi/com.sysprogs.arm.stm32/STM32H7xxxx/StartupFiles/startup_stm32h747xx.c.obj
                0x08100654                LPUART1_IRQHandler
 .text.WWDG_RST_IRQHandler
                0x0810065a        0x6 CMakeFiles/BSP.dir/88f47973270f0fc11ad659be62fbf47e/arm-eabi/com.sysprogs.arm.stm32/STM32H7xxxx/StartupFiles/startup_stm32h747xx.c.obj
                0x0810065a                WWDG_RST_IRQHandler
 .text.CRS_IRQHandler
                0x08100660        0x6 CMakeFiles/BSP.dir/88f47973270f0fc11ad659be62fbf47e/arm-eabi/com.sysprogs.arm.stm32/STM32H7xxxx/StartupFiles/startup_stm32h747xx.c.obj
                0x08100660                CRS_IRQHandler
 .text.ECC_IRQHandler
                0x08100666        0x6 CMakeFiles/BSP.dir/88f47973270f0fc11ad659be62fbf47e/arm-eabi/com.sysprogs.arm.stm32/STM32H7xxxx/StartupFiles/startup_stm32h747xx.c.obj
                0x08100666                ECC_IRQHandler
 .text.SAI4_IRQHandler
                0x0810066c        0x6 CMakeFiles/BSP.dir/88f47973270f0fc11ad659be62fbf47e/arm-eabi/com.sysprogs.arm.stm32/STM32H7xxxx/StartupFiles/startup_stm32h747xx.c.obj
                0x0810066c                SAI4_IRQHandler
 .text.HOLD_CORE_IRQHandler
                0x08100672        0x6 CMakeFiles/BSP.dir/88f47973270f0fc11ad659be62fbf47e/arm-eabi/com.sysprogs.arm.stm32/STM32H7xxxx/StartupFiles/startup_stm32h747xx.c.obj
                0x08100672                HOLD_CORE_IRQHandler
 .text.WAKEUP_PIN_IRQHandler
                0x08100678        0x6 CMakeFiles/BSP.dir/88f47973270f0fc11ad659be62fbf47e/arm-eabi/com.sysprogs.arm.stm32/STM32H7xxxx/StartupFiles/startup_stm32h747xx.c.obj
                0x08100678                WAKEUP_PIN_IRQHandler
 *fill*         0x0810067e        0x2 
 .text.Reset_Handler
                0x08100680       0x48 CMakeFiles/BSP.dir/88f47973270f0fc11ad659be62fbf47e/arm-eabi/com.sysprogs.arm.stm32/STM32H7xxxx/StartupFiles/startup_stm32h747xx.c.obj
                0x08100680                Reset_Handler
 .text.SystemInit
                0x081006c8       0x30 CMakeFiles/Riverdi_M4.dir/C_/Projects/HeatCentral/HeatPump/riverdi-70-stm32h7-lvgl-main/Common/Src/system_stm32h7xx_dualcore_boot_cm4_cm7.c.obj
                0x081006c8                SystemInit
 .text.HAL_Init
                0x081006f8       0xbc CMakeFiles/Riverdi_M4.dir/C_/Projects/HeatCentral/HeatPump/riverdi-70-stm32h7-lvgl-main/Drivers/STM32H7xx_HAL_Driver/Src/stm32h7xx_hal.c.obj
                0x081006f8                HAL_Init
 .text.HAL_InitTick
                0x081007b4       0x6c CMakeFiles/Riverdi_M4.dir/C_/Projects/HeatCentral/HeatPump/riverdi-70-stm32h7-lvgl-main/Drivers/STM32H7xx_HAL_Driver/Src/stm32h7xx_hal.c.obj
                0x081007b4                HAL_InitTick
 .text.HAL_IncTick
                0x08100820       0x28 CMakeFiles/Riverdi_M4.dir/C_/Projects/HeatCentral/HeatPump/riverdi-70-stm32h7-lvgl-main/Drivers/STM32H7xx_HAL_Driver/Src/stm32h7xx_hal.c.obj
                0x08100820                HAL_IncTick
 .text.HAL_GetTick
                0x08100848       0x18 CMakeFiles/Riverdi_M4.dir/C_/Projects/HeatCentral/HeatPump/riverdi-70-stm32h7-lvgl-main/Drivers/STM32H7xx_HAL_Driver/Src/stm32h7xx_hal.c.obj
                0x08100848                HAL_GetTick
 .text.HAL_Delay
                0x08100860       0x48 CMakeFiles/Riverdi_M4.dir/C_/Projects/HeatCentral/HeatPump/riverdi-70-stm32h7-lvgl-main/Drivers/STM32H7xx_HAL_Driver/Src/stm32h7xx_hal.c.obj
                0x08100860                HAL_Delay
 .text.__NVIC_SetPriorityGrouping
                0x081008a8       0x48 CMakeFiles/Riverdi_M4.dir/e572617d30e975d2848612b0b1972abe/Drivers/STM32H7xx_HAL_Driver/Src/stm32h7xx_hal_cortex.c.obj
 .text.__NVIC_GetPriorityGrouping
                0x081008f0       0x1c CMakeFiles/Riverdi_M4.dir/e572617d30e975d2848612b0b1972abe/Drivers/STM32H7xx_HAL_Driver/Src/stm32h7xx_hal_cortex.c.obj
 .text.__NVIC_EnableIRQ
                0x0810090c       0x3c CMakeFiles/Riverdi_M4.dir/e572617d30e975d2848612b0b1972abe/Drivers/STM32H7xx_HAL_Driver/Src/stm32h7xx_hal_cortex.c.obj
 .text.__NVIC_SetPriority
                0x08100948       0x54 CMakeFiles/Riverdi_M4.dir/e572617d30e975d2848612b0b1972abe/Drivers/STM32H7xx_HAL_Driver/Src/stm32h7xx_hal_cortex.c.obj
 .text.NVIC_EncodePriority
                0x0810099c       0x66 CMakeFiles/Riverdi_M4.dir/e572617d30e975d2848612b0b1972abe/Drivers/STM32H7xx_HAL_Driver/Src/stm32h7xx_hal_cortex.c.obj
 *fill*         0x08100a02        0x2 
 .text.SysTick_Config
                0x08100a04       0x44 CMakeFiles/Riverdi_M4.dir/e572617d30e975d2848612b0b1972abe/Drivers/STM32H7xx_HAL_Driver/Src/stm32h7xx_hal_cortex.c.obj
 .text.HAL_NVIC_SetPriorityGrouping
                0x08100a48       0x16 CMakeFiles/Riverdi_M4.dir/e572617d30e975d2848612b0b1972abe/Drivers/STM32H7xx_HAL_Driver/Src/stm32h7xx_hal_cortex.c.obj
                0x08100a48                HAL_NVIC_SetPriorityGrouping
 .text.HAL_NVIC_SetPriority
                0x08100a5e       0x34 CMakeFiles/Riverdi_M4.dir/e572617d30e975d2848612b0b1972abe/Drivers/STM32H7xx_HAL_Driver/Src/stm32h7xx_hal_cortex.c.obj
                0x08100a5e                HAL_NVIC_SetPriority
 .text.HAL_NVIC_EnableIRQ
                0x08100a92       0x1c CMakeFiles/Riverdi_M4.dir/e572617d30e975d2848612b0b1972abe/Drivers/STM32H7xx_HAL_Driver/Src/stm32h7xx_hal_cortex.c.obj
                0x08100a92                HAL_NVIC_EnableIRQ
 .text.HAL_SYSTICK_Config
                0x08100aae       0x18 CMakeFiles/Riverdi_M4.dir/e572617d30e975d2848612b0b1972abe/Drivers/STM32H7xx_HAL_Driver/Src/stm32h7xx_hal_cortex.c.obj
                0x08100aae                HAL_SYSTICK_Config
 *fill*         0x08100ac6        0x2 
 .text.HAL_GetCurrentCPUID
                0x08100ac8       0x28 CMakeFiles/Riverdi_M4.dir/e572617d30e975d2848612b0b1972abe/Drivers/STM32H7xx_HAL_Driver/Src/stm32h7xx_hal_cortex.c.obj
                0x08100ac8                HAL_GetCurrentCPUID
 .text.HAL_GPIO_Init
                0x08100af0      0x360 CMakeFiles/Riverdi_M4.dir/e572617d30e975d2848612b0b1972abe/Drivers/STM32H7xx_HAL_Driver/Src/stm32h7xx_hal_gpio.c.obj
                0x08100af0                HAL_GPIO_Init
 .text.HAL_HSEM_FastTake
                0x08100e50       0x60 CMakeFiles/Riverdi_M4.dir/e572617d30e975d2848612b0b1972abe/Drivers/STM32H7xx_HAL_Driver/Src/stm32h7xx_hal_hsem.c.obj
                0x08100e50                HAL_HSEM_FastTake
 .text.HAL_HSEM_Release
                0x08100eb0       0x54 CMakeFiles/Riverdi_M4.dir/e572617d30e975d2848612b0b1972abe/Drivers/STM32H7xx_HAL_Driver/Src/stm32h7xx_hal_hsem.c.obj
                0x08100eb0                HAL_HSEM_Release
 .text.HAL_HSEM_ActivateNotification
                0x08100f04       0x40 CMakeFiles/Riverdi_M4.dir/e572617d30e975d2848612b0b1972abe/Drivers/STM32H7xx_HAL_Driver/Src/stm32h7xx_hal_hsem.c.obj
                0x08100f04                HAL_HSEM_ActivateNotification
 .text.HAL_PWREx_EnterSTOPMode
                0x08100f44       0xf4 CMakeFiles/Riverdi_M4.dir/e572617d30e975d2848612b0b1972abe/Drivers/STM32H7xx_HAL_Driver/Src/stm32h7xx_hal_pwr_ex.c.obj
                0x08100f44                HAL_PWREx_EnterSTOPMode
 .text.HAL_PWREx_ClearPendingEvent
                0x08101038       0x1a CMakeFiles/Riverdi_M4.dir/e572617d30e975d2848612b0b1972abe/Drivers/STM32H7xx_HAL_Driver/Src/stm32h7xx_hal_pwr_ex.c.obj
                0x08101038                HAL_PWREx_ClearPendingEvent
 *fill*         0x08101052        0x2 
 .text.HAL_RCC_GetSysClockFreq
                0x08101054      0x2f4 CMakeFiles/Riverdi_M4.dir/e572617d30e975d2848612b0b1972abe/Drivers/STM32H7xx_HAL_Driver/Src/stm32h7xx_hal_rcc.c.obj
                0x08101054                HAL_RCC_GetSysClockFreq
 .text.HAL_RCCEx_PeriphCLKConfig
                0x08101348     0x1494 CMakeFiles/Riverdi_M4.dir/e572617d30e975d2848612b0b1972abe/Drivers/STM32H7xx_HAL_Driver/Src/stm32h7xx_hal_rcc_ex.c.obj
                0x08101348                HAL_RCCEx_PeriphCLKConfig
 .text.RCCEx_PLL2_Config
                0x081027dc      0x164 CMakeFiles/Riverdi_M4.dir/e572617d30e975d2848612b0b1972abe/Drivers/STM32H7xx_HAL_Driver/Src/stm32h7xx_hal_rcc_ex.c.obj
 .text.RCCEx_PLL3_Config
                0x08102940      0x164 CMakeFiles/Riverdi_M4.dir/e572617d30e975d2848612b0b1972abe/Drivers/STM32H7xx_HAL_Driver/Src/stm32h7xx_hal_rcc_ex.c.obj
 .text.MX_MDMA_Init
                0x08102aa4       0x34 CMakeFiles/Riverdi_M4.dir/C_/Projects/HeatCentral/HeatPump/riverdi-70-stm32h7-lvgl-main/CM4/Core/Src/mdma.c.obj
                0x08102aa4                MX_MDMA_Init
 .text.HAL_MspInit
                0x08102ad8       0x34 CMakeFiles/Riverdi_M4.dir/C_/Projects/HeatCentral/HeatPump/riverdi-70-stm32h7-lvgl-main/CM4/Core/Src/stm32h7xx_hal_msp.c.obj
                0x08102ad8                HAL_MspInit
 .text.NMI_Handler
                0x08102b0c        0x6 CMakeFiles/Riverdi_M4.dir/C_/Projects/HeatCentral/HeatPump/riverdi-70-stm32h7-lvgl-main/CM4/Core/Src/stm32h7xx_it.c.obj
                0x08102b0c                NMI_Handler
 .text.HardFault_Handler
                0x08102b12        0x6 CMakeFiles/Riverdi_M4.dir/C_/Projects/HeatCentral/HeatPump/riverdi-70-stm32h7-lvgl-main/CM4/Core/Src/stm32h7xx_it.c.obj
                0x08102b12                HardFault_Handler
 .text.MemManage_Handler
                0x08102b18        0x6 CMakeFiles/Riverdi_M4.dir/C_/Projects/HeatCentral/HeatPump/riverdi-70-stm32h7-lvgl-main/CM4/Core/Src/stm32h7xx_it.c.obj
                0x08102b18                MemManage_Handler
 .text.BusFault_Handler
                0x08102b1e        0x6 CMakeFiles/Riverdi_M4.dir/C_/Projects/HeatCentral/HeatPump/riverdi-70-stm32h7-lvgl-main/CM4/Core/Src/stm32h7xx_it.c.obj
                0x08102b1e                BusFault_Handler
 .text.UsageFault_Handler
                0x08102b24        0x6 CMakeFiles/Riverdi_M4.dir/C_/Projects/HeatCentral/HeatPump/riverdi-70-stm32h7-lvgl-main/CM4/Core/Src/stm32h7xx_it.c.obj
                0x08102b24                UsageFault_Handler
 .text.SVC_Handler
                0x08102b2a        0xe CMakeFiles/Riverdi_M4.dir/C_/Projects/HeatCentral/HeatPump/riverdi-70-stm32h7-lvgl-main/CM4/Core/Src/stm32h7xx_it.c.obj
                0x08102b2a                SVC_Handler
 .text.DebugMon_Handler
                0x08102b38        0xe CMakeFiles/Riverdi_M4.dir/C_/Projects/HeatCentral/HeatPump/riverdi-70-stm32h7-lvgl-main/CM4/Core/Src/stm32h7xx_it.c.obj
                0x08102b38                DebugMon_Handler
 .text.PendSV_Handler
                0x08102b46        0xe CMakeFiles/Riverdi_M4.dir/C_/Projects/HeatCentral/HeatPump/riverdi-70-stm32h7-lvgl-main/CM4/Core/Src/stm32h7xx_it.c.obj
                0x08102b46                PendSV_Handler
 .text.SysTick_Handler
                0x08102b54        0xc CMakeFiles/Riverdi_M4.dir/C_/Projects/HeatCentral/HeatPump/riverdi-70-stm32h7-lvgl-main/CM4/Core/Src/stm32h7xx_it.c.obj
                0x08102b54                SysTick_Handler
 .text.FDCAN1_IT0_IRQHandler
                0x08102b60       0x14 CMakeFiles/Riverdi_M4.dir/C_/Projects/HeatCentral/HeatPump/riverdi-70-stm32h7-lvgl-main/CM4/Core/Src/stm32h7xx_it.c.obj
                0x08102b60                FDCAN1_IT0_IRQHandler
 .text._ZN7CCanBusC2Ev
                0x08102b74       0x28 CMakeFiles/Riverdi_M4.dir/HPControl.cpp.obj
                0x08102b74                CCanBus::CCanBus()
                0x08102b74                CCanBus::CCanBus()
 .text._ZN7CCanBus4InitEv
                0x08102b9c       0x68 CMakeFiles/Riverdi_M4.dir/HPControl.cpp.obj
                0x08102b9c                CCanBus::Init()
 .text._ZN7CCanBus8TickTackEv
                0x08102c04       0x58 CMakeFiles/Riverdi_M4.dir/HPControl.cpp.obj
                0x08102c04                CCanBus::TickTack()
 .text.HAL_FDCAN_RxFifo0Callback
                0x08102c5c       0x48 CMakeFiles/Riverdi_M4.dir/HPControl.cpp.obj
                0x08102c5c                HAL_FDCAN_RxFifo0Callback
 .text._ZN9HPControlC2Ev
                0x08102ca4       0x34 CMakeFiles/Riverdi_M4.dir/HPControl.cpp.obj
                0x08102ca4                HPControl::HPControl()
                0x08102ca4                HPControl::HPControl()
 .text.InitControl
                0x08102cd8       0x14 CMakeFiles/Riverdi_M4.dir/HPControl.cpp.obj
                0x08102cd8                InitControl
 .text.TickTack
                0x08102cec       0x14 CMakeFiles/Riverdi_M4.dir/HPControl.cpp.obj
                0x08102cec                TickTack
 .text._ZN9HPControl4InitEv
                0x08102d00       0x1a CMakeFiles/Riverdi_M4.dir/HPControl.cpp.obj
                0x08102d00                HPControl::Init()
 *fill*         0x08102d1a        0x2 
 .text._ZN9HPControl8TickTackEv
                0x08102d1c       0x40 CMakeFiles/Riverdi_M4.dir/HPControl.cpp.obj
                0x08102d1c                HPControl::TickTack()
 .text._ZN9HPControl12FreeNotifiedEv
                0x08102d5c       0x50 CMakeFiles/Riverdi_M4.dir/HPControl.cpp.obj
                0x08102d5c                HPControl::FreeNotified()
 .text._Z41__static_initialization_and_destruction_0ii
                0x08102dac       0x2c CMakeFiles/Riverdi_M4.dir/HPControl.cpp.obj
 .text._GLOBAL__sub_I_pCanBus
                0x08102dd8       0x10 CMakeFiles/Riverdi_M4.dir/HPControl.cpp.obj
 .text.MX_FDCAN1_Init
                0x08102de8       0xcc CMakeFiles/Riverdi_M4.dir/C_/Projects/HeatCentral/HeatPump/riverdi-70-stm32h7-lvgl-main/CM4/Core/Src/fdcan.c.obj
                0x08102de8                MX_FDCAN1_Init
 .text.HAL_FDCAN_MspInit
                0x08102eb4      0x134 CMakeFiles/Riverdi_M4.dir/C_/Projects/HeatCentral/HeatPump/riverdi-70-stm32h7-lvgl-main/CM4/Core/Src/fdcan.c.obj
                0x08102eb4                HAL_FDCAN_MspInit
 .text.MX_GPIO_Init
                0x08102fe8       0x54 CMakeFiles/Riverdi_M4.dir/C_/Projects/HeatCentral/HeatPump/riverdi-70-stm32h7-lvgl-main/CM4/Core/Src/gpio.c.obj
                0x08102fe8                MX_GPIO_Init
 .text.main     0x0810303c       0x98 CMakeFiles/Riverdi_M4.dir/C_/Projects/HeatCentral/HeatPump/riverdi-70-stm32h7-lvgl-main/CM4/Core/Src/main.c.obj
                0x0810303c                main
 .text.Error_Handler
                0x081030d4        0xa CMakeFiles/Riverdi_M4.dir/C_/Projects/HeatCentral/HeatPump/riverdi-70-stm32h7-lvgl-main/CM4/Core/Src/main.c.obj
                0x081030d4                Error_Handler
 *fill*         0x081030de        0x2 
 .text.HAL_FDCAN_Init
                0x081030e0      0x3bc CMakeFiles/Riverdi_M4.dir/e572617d30e975d2848612b0b1972abe/Drivers/STM32H7xx_HAL_Driver/Src/stm32h7xx_hal_fdcan.c.obj
                0x081030e0                HAL_FDCAN_Init
 .text.HAL_FDCAN_Start
                0x0810349c       0x56 CMakeFiles/Riverdi_M4.dir/e572617d30e975d2848612b0b1972abe/Drivers/STM32H7xx_HAL_Driver/Src/stm32h7xx_hal_fdcan.c.obj
                0x0810349c                HAL_FDCAN_Start
 .text.HAL_FDCAN_AddMessageToTxFifoQ
                0x081034f2       0xb6 CMakeFiles/Riverdi_M4.dir/e572617d30e975d2848612b0b1972abe/Drivers/STM32H7xx_HAL_Driver/Src/stm32h7xx_hal_fdcan.c.obj
                0x081034f2                HAL_FDCAN_AddMessageToTxFifoQ
 .text.HAL_FDCAN_GetRxMessage
                0x081035a8      0x2dc CMakeFiles/Riverdi_M4.dir/e572617d30e975d2848612b0b1972abe/Drivers/STM32H7xx_HAL_Driver/Src/stm32h7xx_hal_fdcan.c.obj
                0x081035a8                HAL_FDCAN_GetRxMessage
 .text.HAL_FDCAN_ActivateNotification
                0x08103884       0xf4 CMakeFiles/Riverdi_M4.dir/e572617d30e975d2848612b0b1972abe/Drivers/STM32H7xx_HAL_Driver/Src/stm32h7xx_hal_fdcan.c.obj
                0x08103884                HAL_FDCAN_ActivateNotification
 .text.HAL_FDCAN_IRQHandler
                0x08103978      0x4a8 CMakeFiles/Riverdi_M4.dir/e572617d30e975d2848612b0b1972abe/Drivers/STM32H7xx_HAL_Driver/Src/stm32h7xx_hal_fdcan.c.obj
                0x08103978                HAL_FDCAN_IRQHandler
 .text.HAL_FDCAN_ClockCalibrationCallback
                0x08103e20       0x16 CMakeFiles/Riverdi_M4.dir/e572617d30e975d2848612b0b1972abe/Drivers/STM32H7xx_HAL_Driver/Src/stm32h7xx_hal_fdcan.c.obj
                0x08103e20                HAL_FDCAN_ClockCalibrationCallback
 .text.HAL_FDCAN_TxEventFifoCallback
                0x08103e36       0x16 CMakeFiles/Riverdi_M4.dir/e572617d30e975d2848612b0b1972abe/Drivers/STM32H7xx_HAL_Driver/Src/stm32h7xx_hal_fdcan.c.obj
                0x08103e36                HAL_FDCAN_TxEventFifoCallback
 .text.HAL_FDCAN_RxFifo1Callback
                0x08103e4c       0x16 CMakeFiles/Riverdi_M4.dir/e572617d30e975d2848612b0b1972abe/Drivers/STM32H7xx_HAL_Driver/Src/stm32h7xx_hal_fdcan.c.obj
                0x08103e4c                HAL_FDCAN_RxFifo1Callback
 .text.HAL_FDCAN_TxFifoEmptyCallback
                0x08103e62       0x14 CMakeFiles/Riverdi_M4.dir/e572617d30e975d2848612b0b1972abe/Drivers/STM32H7xx_HAL_Driver/Src/stm32h7xx_hal_fdcan.c.obj
                0x08103e62                HAL_FDCAN_TxFifoEmptyCallback
 .text.HAL_FDCAN_TxBufferCompleteCallback
                0x08103e76       0x16 CMakeFiles/Riverdi_M4.dir/e572617d30e975d2848612b0b1972abe/Drivers/STM32H7xx_HAL_Driver/Src/stm32h7xx_hal_fdcan.c.obj
                0x08103e76                HAL_FDCAN_TxBufferCompleteCallback
 .text.HAL_FDCAN_TxBufferAbortCallback
                0x08103e8c       0x16 CMakeFiles/Riverdi_M4.dir/e572617d30e975d2848612b0b1972abe/Drivers/STM32H7xx_HAL_Driver/Src/stm32h7xx_hal_fdcan.c.obj
                0x08103e8c                HAL_FDCAN_TxBufferAbortCallback
 .text.HAL_FDCAN_RxBufferNewMessageCallback
                0x08103ea2       0x14 CMakeFiles/Riverdi_M4.dir/e572617d30e975d2848612b0b1972abe/Drivers/STM32H7xx_HAL_Driver/Src/stm32h7xx_hal_fdcan.c.obj
                0x08103ea2                HAL_FDCAN_RxBufferNewMessageCallback
 .text.HAL_FDCAN_TimestampWraparoundCallback
                0x08103eb6       0x14 CMakeFiles/Riverdi_M4.dir/e572617d30e975d2848612b0b1972abe/Drivers/STM32H7xx_HAL_Driver/Src/stm32h7xx_hal_fdcan.c.obj
                0x08103eb6                HAL_FDCAN_TimestampWraparoundCallback
 .text.HAL_FDCAN_TimeoutOccurredCallback
                0x08103eca       0x14 CMakeFiles/Riverdi_M4.dir/e572617d30e975d2848612b0b1972abe/Drivers/STM32H7xx_HAL_Driver/Src/stm32h7xx_hal_fdcan.c.obj
                0x08103eca                HAL_FDCAN_TimeoutOccurredCallback
 .text.HAL_FDCAN_HighPriorityMessageCallback
                0x08103ede       0x14 CMakeFiles/Riverdi_M4.dir/e572617d30e975d2848612b0b1972abe/Drivers/STM32H7xx_HAL_Driver/Src/stm32h7xx_hal_fdcan.c.obj
                0x08103ede                HAL_FDCAN_HighPriorityMessageCallback
 .text.HAL_FDCAN_ErrorCallback
                0x08103ef2       0x14 CMakeFiles/Riverdi_M4.dir/e572617d30e975d2848612b0b1972abe/Drivers/STM32H7xx_HAL_Driver/Src/stm32h7xx_hal_fdcan.c.obj
                0x08103ef2                HAL_FDCAN_ErrorCallback
 .text.HAL_FDCAN_ErrorStatusCallback
                0x08103f06       0x16 CMakeFiles/Riverdi_M4.dir/e572617d30e975d2848612b0b1972abe/Drivers/STM32H7xx_HAL_Driver/Src/stm32h7xx_hal_fdcan.c.obj
                0x08103f06                HAL_FDCAN_ErrorStatusCallback
 .text.HAL_FDCAN_TT_ScheduleSyncCallback
                0x08103f1c       0x16 CMakeFiles/Riverdi_M4.dir/e572617d30e975d2848612b0b1972abe/Drivers/STM32H7xx_HAL_Driver/Src/stm32h7xx_hal_fdcan.c.obj
                0x08103f1c                HAL_FDCAN_TT_ScheduleSyncCallback
 .text.HAL_FDCAN_TT_TimeMarkCallback
                0x08103f32       0x16 CMakeFiles/Riverdi_M4.dir/e572617d30e975d2848612b0b1972abe/Drivers/STM32H7xx_HAL_Driver/Src/stm32h7xx_hal_fdcan.c.obj
                0x08103f32                HAL_FDCAN_TT_TimeMarkCallback
 .text.HAL_FDCAN_TT_StopWatchCallback
                0x08103f48       0x18 CMakeFiles/Riverdi_M4.dir/e572617d30e975d2848612b0b1972abe/Drivers/STM32H7xx_HAL_Driver/Src/stm32h7xx_hal_fdcan.c.obj
                0x08103f48                HAL_FDCAN_TT_StopWatchCallback
 .text.HAL_FDCAN_TT_GlobalTimeCallback
                0x08103f60       0x16 CMakeFiles/Riverdi_M4.dir/e572617d30e975d2848612b0b1972abe/Drivers/STM32H7xx_HAL_Driver/Src/stm32h7xx_hal_fdcan.c.obj
                0x08103f60                HAL_FDCAN_TT_GlobalTimeCallback
 *fill*         0x08103f76        0x2 
 .text.FDCAN_CalcultateRamBlockAddresses
                0x08103f78      0x320 CMakeFiles/Riverdi_M4.dir/e572617d30e975d2848612b0b1972abe/Drivers/STM32H7xx_HAL_Driver/Src/stm32h7xx_hal_fdcan.c.obj
 .text.FDCAN_CopyMessageToRAM
                0x08104298       0xfc CMakeFiles/Riverdi_M4.dir/e572617d30e975d2848612b0b1972abe/Drivers/STM32H7xx_HAL_Driver/Src/stm32h7xx_hal_fdcan.c.obj
 .text.__NVIC_EnableIRQ
                0x08104394       0x3c CMakeFiles/Riverdi_M4.dir/C_/Projects/HeatCentral/HeatPump/riverdi-70-stm32h7-lvgl-main/M4_M7_Shared/SharedDataCtrl.cpp.obj
 .text._ZN18CSharedDataControl12FreeNotifiedEv
                0x081043d0       0x14 CMakeFiles/Riverdi_M4.dir/C_/Projects/HeatCentral/HeatPump/riverdi-70-stm32h7-lvgl-main/M4_M7_Shared/SharedDataCtrl.cpp.obj
                0x081043d0                CSharedDataControl::FreeNotified()
 .text._ZN18CSharedDataControlC2Ehh
                0x081043e4       0x48 CMakeFiles/Riverdi_M4.dir/C_/Projects/HeatCentral/HeatPump/riverdi-70-stm32h7-lvgl-main/M4_M7_Shared/SharedDataCtrl.cpp.obj
                0x081043e4                CSharedDataControl::CSharedDataControl(unsigned char, unsigned char)
                0x081043e4                CSharedDataControl::CSharedDataControl(unsigned char, unsigned char)
 .text._ZN18CSharedDataControl15GetAccessModifyEv
                0x0810442c       0x26 CMakeFiles/Riverdi_M4.dir/C_/Projects/HeatCentral/HeatPump/riverdi-70-stm32h7-lvgl-main/M4_M7_Shared/SharedDataCtrl.cpp.obj
                0x0810442c                CSharedDataControl::GetAccessModify()
 .text._ZN18CSharedDataControl13GetAccessReadEv
                0x08104452       0x26 CMakeFiles/Riverdi_M4.dir/C_/Projects/HeatCentral/HeatPump/riverdi-70-stm32h7-lvgl-main/M4_M7_Shared/SharedDataCtrl.cpp.obj
                0x08104452                CSharedDataControl::GetAccessRead()
 .text._ZN18CSharedDataControl19ReleaseAccessModifyEv
                0x08104478       0x3c CMakeFiles/Riverdi_M4.dir/C_/Projects/HeatCentral/HeatPump/riverdi-70-stm32h7-lvgl-main/M4_M7_Shared/SharedDataCtrl.cpp.obj
                0x08104478                CSharedDataControl::ReleaseAccessModify()
 .text._ZN18CSharedDataControl17ReleaseAccessReadEv
                0x081044b4       0x1c CMakeFiles/Riverdi_M4.dir/C_/Projects/HeatCentral/HeatPump/riverdi-70-stm32h7-lvgl-main/M4_M7_Shared/SharedDataCtrl.cpp.obj
                0x081044b4                CSharedDataControl::ReleaseAccessRead()
 .text.HSEM2_IRQHandler
                0x081044d0       0x88 CMakeFiles/Riverdi_M4.dir/C_/Projects/HeatCentral/HeatPump/riverdi-70-stm32h7-lvgl-main/M4_M7_Shared/SharedDataCtrl.cpp.obj
                0x081044d0                HSEM2_IRQHandler
 .text.memset   0x08104558       0x10 c:/sysgcc/arm-eabi/bin/../lib/gcc/arm-none-eabi/12.3.1/thumb/v7e-m+fp/hard\libg_nano.a(libc_a-memset.o)
                0x08104558                memset
 .text.__libc_init_array
                0x08104568       0x48 c:/sysgcc/arm-eabi/bin/../lib/gcc/arm-none-eabi/12.3.1/thumb/v7e-m+fp/hard\libg_nano.a(libc_a-init.o)
                0x08104568                __libc_init_array
 .text.memcpy   0x081045b0       0x1c c:/sysgcc/arm-eabi/bin/../lib/gcc/arm-none-eabi/12.3.1/thumb/v7e-m+fp/hard\libg_nano.a(libc_a-memcpy-stub.o)
                0x081045b0                memcpy
 *(.glue_7)
 .glue_7        0x081045cc        0x0 linker stubs
 *(.glue_7t)
 .glue_7t       0x081045cc        0x0 linker stubs
 *(.eh_frame)
 .eh_frame      0x081045cc        0x0 c:/sysgcc/arm-eabi/bin/../lib/gcc/arm-none-eabi/12.3.1/thumb/v7e-m+fp/hard/crtbegin.o
 *(.init)
 .init          0x081045cc        0x4 c:/sysgcc/arm-eabi/bin/../lib/gcc/arm-none-eabi/12.3.1/thumb/v7e-m+fp/hard/crti.o
                0x081045cc                _init
 .init          0x081045d0        0x8 c:/sysgcc/arm-eabi/bin/../lib/gcc/arm-none-eabi/12.3.1/thumb/v7e-m+fp/hard/crtn.o
 *(.fini)
 .fini          0x081045d8        0x4 c:/sysgcc/arm-eabi/bin/../lib/gcc/arm-none-eabi/12.3.1/thumb/v7e-m+fp/hard/crti.o
                0x081045d8                _fini
 .fini          0x081045dc        0x8 c:/sysgcc/arm-eabi/bin/../lib/gcc/arm-none-eabi/12.3.1/thumb/v7e-m+fp/hard/crtn.o
                0x081045e4                        . = ALIGN (0x4)
                0x081045e4                        _etext = .

.vfp11_veneer   0x081045e4        0x0
 .vfp11_veneer  0x081045e4        0x0 linker stubs

.v4_bx          0x081045e4        0x0
 .v4_bx         0x081045e4        0x0 linker stubs

.iplt           0x081045e4        0x0
 .iplt          0x081045e4        0x0 c:/sysgcc/arm-eabi/bin/../lib/gcc/arm-none-eabi/12.3.1/thumb/v7e-m+fp/hard/crtbegin.o

.rodata         0x081045e4       0x88
                0x081045e4                        . = ALIGN (0x4)
 *(.rodata)
 .rodata        0x081045e4       0x4c CMakeFiles/Riverdi_M4.dir/e572617d30e975d2848612b0b1972abe/Drivers/STM32H7xx_HAL_Driver/Src/stm32h7xx_hal_fdcan.c.obj
 *(.rodata*)
 .rodata.D1CorePrescTable
                0x08104630       0x10 CMakeFiles/Riverdi_M4.dir/C_/Projects/HeatCentral/HeatPump/riverdi-70-stm32h7-lvgl-main/Common/Src/system_stm32h7xx_dualcore_boot_cm4_cm7.c.obj
                0x08104630                D1CorePrescTable
 .rodata._ZTV9HPControl
                0x08104640        0xc CMakeFiles/Riverdi_M4.dir/HPControl.cpp.obj
                0x08104640                vtable for HPControl
 .rodata.DLCtoBytes
                0x0810464c       0x10 CMakeFiles/Riverdi_M4.dir/e572617d30e975d2848612b0b1972abe/Drivers/STM32H7xx_HAL_Driver/Src/stm32h7xx_hal_fdcan.c.obj
 .rodata.pSharedTest
                0x0810465c        0x4 CMakeFiles/Riverdi_M4.dir/C_/Projects/HeatCentral/HeatPump/riverdi-70-stm32h7-lvgl-main/M4_M7_Shared/SharedData.cpp.obj
                0x0810465c                pSharedTest
 .rodata._ZTV18CSharedDataControl
                0x08104660        0xc CMakeFiles/Riverdi_M4.dir/C_/Projects/HeatCentral/HeatPump/riverdi-70-stm32h7-lvgl-main/M4_M7_Shared/SharedDataCtrl.cpp.obj
                0x08104660                vtable for CSharedDataControl
                0x0810466c                        . = ALIGN (0x4)

.rel.dyn        0x0810466c        0x0
 .rel.iplt      0x0810466c        0x0 c:/sysgcc/arm-eabi/bin/../lib/gcc/arm-none-eabi/12.3.1/thumb/v7e-m+fp/hard/crtbegin.o

.ARM.extab
 *(.ARM.extab* .gnu.linkonce.armextab.*)

.ARM            0x0810466c        0x0
                0x0810466c                        __exidx_start = .
 *(.ARM.exidx*)
                0x0810466c                        __exidx_end = .

.preinit_array  0x0810466c        0x0
                0x0810466c                        PROVIDE (__preinit_array_start = .)
 *(.preinit_array*)
                0x0810466c                        PROVIDE (__preinit_array_end = .)

.init_array     0x0810466c        0x8
                0x0810466c                        PROVIDE (__init_array_start = .)
 *(SORT_BY_NAME(.init_array.*))
 *(.init_array*)
 .init_array    0x0810466c        0x4 c:/sysgcc/arm-eabi/bin/../lib/gcc/arm-none-eabi/12.3.1/thumb/v7e-m+fp/hard/crtbegin.o
 .init_array    0x08104670        0x4 CMakeFiles/Riverdi_M4.dir/HPControl.cpp.obj
                0x08104674                        PROVIDE (__init_array_end = .)

.fini_array     0x08104674        0x4
                [!provide]                        PROVIDE (__fini_array_start = .)
 *(SORT_BY_NAME(.fini_array.*))
 *(.fini_array*)
 .fini_array    0x08104674        0x4 c:/sysgcc/arm-eabi/bin/../lib/gcc/arm-none-eabi/12.3.1/thumb/v7e-m+fp/hard/crtbegin.o
                [!provide]                        PROVIDE (__fini_array_end = .)
                0x08104678                        _sidata = LOADADDR (.data)

.data           0x10000000       0x10 load address 0x08104678
                0x10000000                        . = ALIGN (0x4)
                0x10000000                        _sdata = .
 *(.data)
 *(.data*)
 .data.SystemCoreClock
                0x10000000        0x4 CMakeFiles/Riverdi_M4.dir/C_/Projects/HeatCentral/HeatPump/riverdi-70-stm32h7-lvgl-main/Common/Src/system_stm32h7xx_dualcore_boot_cm4_cm7.c.obj
                0x10000000                SystemCoreClock
 .data.SystemD2Clock
                0x10000004        0x4 CMakeFiles/Riverdi_M4.dir/C_/Projects/HeatCentral/HeatPump/riverdi-70-stm32h7-lvgl-main/Common/Src/system_stm32h7xx_dualcore_boot_cm4_cm7.c.obj
                0x10000004                SystemD2Clock
 .data.uwTickPrio
                0x10000008        0x4 CMakeFiles/Riverdi_M4.dir/C_/Projects/HeatCentral/HeatPump/riverdi-70-stm32h7-lvgl-main/Drivers/STM32H7xx_HAL_Driver/Src/stm32h7xx_hal.c.obj
                0x10000008                uwTickPrio
 .data.uwTickFreq
                0x1000000c        0x1 CMakeFiles/Riverdi_M4.dir/C_/Projects/HeatCentral/HeatPump/riverdi-70-stm32h7-lvgl-main/Drivers/STM32H7xx_HAL_Driver/Src/stm32h7xx_hal.c.obj
                0x1000000c                uwTickFreq
 *(.RamFunc)
 *(.RamFunc*)
                0x10000010                        . = ALIGN (0x4)
 *fill*         0x1000000d        0x3 
                0x10000010                        _edata = .

.tm_clone_table
                0x10000010        0x0 load address 0x08104688
 .tm_clone_table
                0x10000010        0x0 c:/sysgcc/arm-eabi/bin/../lib/gcc/arm-none-eabi/12.3.1/thumb/v7e-m+fp/hard/crtbegin.o
 .tm_clone_table
                0x10000010        0x0 c:/sysgcc/arm-eabi/bin/../lib/gcc/arm-none-eabi/12.3.1/thumb/v7e-m+fp/hard/crtend.o

.igot.plt       0x10000010        0x0 load address 0x08104688
 .igot.plt      0x10000010        0x0 c:/sysgcc/arm-eabi/bin/../lib/gcc/arm-none-eabi/12.3.1/thumb/v7e-m+fp/hard/crtbegin.o
                0x10000010                        . = ALIGN (0x4)

.bss            0x10000010      0x1b4 load address 0x08104688
                0x10000010                        _sbss = .
                0x10000010                        __bss_start__ = _sbss
 *(.bss)
 *(.bss*)
 .bss.completed.1
                0x10000010        0x1 c:/sysgcc/arm-eabi/bin/../lib/gcc/arm-none-eabi/12.3.1/thumb/v7e-m+fp/hard/crtbegin.o
 *fill*         0x10000011        0x3 
 .bss.object.0  0x10000014       0x18 c:/sysgcc/arm-eabi/bin/../lib/gcc/arm-none-eabi/12.3.1/thumb/v7e-m+fp/hard/crtbegin.o
 .bss.uwTick    0x1000002c        0x4 CMakeFiles/Riverdi_M4.dir/C_/Projects/HeatCentral/HeatPump/riverdi-70-stm32h7-lvgl-main/Drivers/STM32H7xx_HAL_Driver/Src/stm32h7xx_hal.c.obj
                0x1000002c                uwTick
 .bss.pCanBus   0x10000030        0x4 CMakeFiles/Riverdi_M4.dir/HPControl.cpp.obj
                0x10000030                pCanBus
 .bss.Control   0x10000034       0x70 CMakeFiles/Riverdi_M4.dir/HPControl.cpp.obj
                0x10000034                Control
 .bss.hfdcan1   0x100000a4       0xa0 CMakeFiles/Riverdi_M4.dir/C_/Projects/HeatCentral/HeatPump/riverdi-70-stm32h7-lvgl-main/CM4/Core/Src/fdcan.c.obj
                0x100000a4                hfdcan1
 .bss.pCSharedDataControl
                0x10000144       0x80 CMakeFiles/Riverdi_M4.dir/C_/Projects/HeatCentral/HeatPump/riverdi-70-stm32h7-lvgl-main/M4_M7_Shared/SharedDataCtrl.cpp.obj
                0x10000144                pCSharedDataControl
 *(COMMON)
                0x100001c4                        . = ALIGN (0x4)
                0x100001c4                        _ebss = .
                0x100001c4                        __bss_end__ = _ebss

._user_heap_stack
                0x100001c4      0x204 load address 0x08104688
                0x100001c8                        . = ALIGN (0x8)
 *fill*         0x100001c4        0x4 
                0x100001c8                        PROVIDE (end = .)
                [!provide]                        PROVIDE (_end = .)
                0x100002c8                        . = (. + _Min_Heap_Size)
 *fill*         0x100001c8      0x100 
                0x100003c8                        . = (. + _Min_Stack_Size)
 *fill*         0x100002c8      0x100 
                0x100003c8                        . = ALIGN (0x8)

/DISCARD/
 libc.a(*)
 libm.a(*)
 libgcc.a(*)

.ARM.attributes
                0x00000000       0x30
 *(.ARM.attributes)
 .ARM.attributes
                0x00000000       0x22 c:/sysgcc/arm-eabi/bin/../lib/gcc/arm-none-eabi/12.3.1/thumb/v7e-m+fp/hard/crti.o
 .ARM.attributes
                0x00000022       0x34 c:/sysgcc/arm-eabi/bin/../lib/gcc/arm-none-eabi/12.3.1/thumb/v7e-m+fp/hard/crtbegin.o
 .ARM.attributes
                0x00000056       0x34 CMakeFiles/BSP.dir/88f47973270f0fc11ad659be62fbf47e/arm-eabi/com.sysprogs.arm.stm32/STM32H7xxxx/StartupFiles/startup_stm32h747xx.c.obj
 .ARM.attributes
                0x0000008a       0x34 CMakeFiles/Riverdi_M4.dir/C_/Projects/HeatCentral/HeatPump/riverdi-70-stm32h7-lvgl-main/Common/Src/system_stm32h7xx_dualcore_boot_cm4_cm7.c.obj
 .ARM.attributes
                0x000000be       0x34 CMakeFiles/Riverdi_M4.dir/C_/Projects/HeatCentral/HeatPump/riverdi-70-stm32h7-lvgl-main/Drivers/STM32H7xx_HAL_Driver/Src/stm32h7xx_hal.c.obj
 .ARM.attributes
                0x000000f2       0x34 CMakeFiles/Riverdi_M4.dir/e572617d30e975d2848612b0b1972abe/Drivers/STM32H7xx_HAL_Driver/Src/stm32h7xx_hal_cortex.c.obj
 .ARM.attributes
                0x00000126       0x34 CMakeFiles/Riverdi_M4.dir/e572617d30e975d2848612b0b1972abe/Drivers/STM32H7xx_HAL_Driver/Src/stm32h7xx_hal_gpio.c.obj
 .ARM.attributes
                0x0000015a       0x34 CMakeFiles/Riverdi_M4.dir/e572617d30e975d2848612b0b1972abe/Drivers/STM32H7xx_HAL_Driver/Src/stm32h7xx_hal_hsem.c.obj
 .ARM.attributes
                0x0000018e       0x34 CMakeFiles/Riverdi_M4.dir/e572617d30e975d2848612b0b1972abe/Drivers/STM32H7xx_HAL_Driver/Src/stm32h7xx_hal_pwr_ex.c.obj
 .ARM.attributes
                0x000001c2       0x34 CMakeFiles/Riverdi_M4.dir/e572617d30e975d2848612b0b1972abe/Drivers/STM32H7xx_HAL_Driver/Src/stm32h7xx_hal_rcc.c.obj
 .ARM.attributes
                0x000001f6       0x34 CMakeFiles/Riverdi_M4.dir/e572617d30e975d2848612b0b1972abe/Drivers/STM32H7xx_HAL_Driver/Src/stm32h7xx_hal_rcc_ex.c.obj
 .ARM.attributes
                0x0000022a       0x34 CMakeFiles/Riverdi_M4.dir/C_/Projects/HeatCentral/HeatPump/riverdi-70-stm32h7-lvgl-main/CM4/Core/Src/mdma.c.obj
 .ARM.attributes
                0x0000025e       0x34 CMakeFiles/Riverdi_M4.dir/C_/Projects/HeatCentral/HeatPump/riverdi-70-stm32h7-lvgl-main/CM4/Core/Src/stm32h7xx_hal_msp.c.obj
 .ARM.attributes
                0x00000292       0x34 CMakeFiles/Riverdi_M4.dir/C_/Projects/HeatCentral/HeatPump/riverdi-70-stm32h7-lvgl-main/CM4/Core/Src/stm32h7xx_it.c.obj
 .ARM.attributes
                0x000002c6       0x34 CMakeFiles/Riverdi_M4.dir/HPControl.cpp.obj
 .ARM.attributes
                0x000002fa       0x34 CMakeFiles/Riverdi_M4.dir/C_/Projects/HeatCentral/HeatPump/riverdi-70-stm32h7-lvgl-main/CM4/Core/Src/fdcan.c.obj
 .ARM.attributes
                0x0000032e       0x34 CMakeFiles/Riverdi_M4.dir/C_/Projects/HeatCentral/HeatPump/riverdi-70-stm32h7-lvgl-main/CM4/Core/Src/gpio.c.obj
 .ARM.attributes
                0x00000362       0x34 CMakeFiles/Riverdi_M4.dir/C_/Projects/HeatCentral/HeatPump/riverdi-70-stm32h7-lvgl-main/CM4/Core/Src/main.c.obj
 .ARM.attributes
                0x00000396       0x34 CMakeFiles/Riverdi_M4.dir/e572617d30e975d2848612b0b1972abe/Drivers/STM32H7xx_HAL_Driver/Src/stm32h7xx_hal_fdcan.c.obj
 .ARM.attributes
                0x000003ca       0x34 CMakeFiles/Riverdi_M4.dir/C_/Projects/HeatCentral/HeatPump/riverdi-70-stm32h7-lvgl-main/M4_M7_Shared/SharedData.cpp.obj
 .ARM.attributes
                0x000003fe       0x34 CMakeFiles/Riverdi_M4.dir/C_/Projects/HeatCentral/HeatPump/riverdi-70-stm32h7-lvgl-main/M4_M7_Shared/SharedDataCtrl.cpp.obj
 .ARM.attributes
                0x00000432       0x34 c:/sysgcc/arm-eabi/bin/../lib/gcc/arm-none-eabi/12.3.1/thumb/v7e-m+fp/hard\libg_nano.a(libc_a-memset.o)
 .ARM.attributes
                0x00000466       0x34 c:/sysgcc/arm-eabi/bin/../lib/gcc/arm-none-eabi/12.3.1/thumb/v7e-m+fp/hard\libg_nano.a(libc_a-init.o)
 .ARM.attributes
                0x0000049a       0x34 c:/sysgcc/arm-eabi/bin/../lib/gcc/arm-none-eabi/12.3.1/thumb/v7e-m+fp/hard\libg_nano.a(libc_a-memcpy-stub.o)
 .ARM.attributes
                0x000004ce       0x34 c:/sysgcc/arm-eabi/bin/../lib/gcc/arm-none-eabi/12.3.1/thumb/v7e-m+fp/hard/crtend.o
 .ARM.attributes
                0x00000502       0x22 c:/sysgcc/arm-eabi/bin/../lib/gcc/arm-none-eabi/12.3.1/thumb/v7e-m+fp/hard/crtn.o
OUTPUT(Riverdi_M4 elf32-littlearm)
LOAD linker stubs
LOAD c:/sysgcc/arm-eabi/bin/../lib/gcc/arm-none-eabi/12.3.1/thumb/v7e-m+fp/hard\libc.a
LOAD c:/sysgcc/arm-eabi/bin/../lib/gcc/arm-none-eabi/12.3.1/thumb/v7e-m+fp/hard\libm.a
LOAD c:/sysgcc/arm-eabi/bin/../lib/gcc/arm-none-eabi/12.3.1/thumb/v7e-m+fp/hard\libgcc.a

.debug_info     0x00000000    0x13669
 .debug_info    0x00000000      0xb47 CMakeFiles/BSP.dir/88f47973270f0fc11ad659be62fbf47e/arm-eabi/com.sysprogs.arm.stm32/STM32H7xxxx/StartupFiles/startup_stm32h747xx.c.obj
 .debug_info    0x00000b47      0x761 CMakeFiles/Riverdi_M4.dir/C_/Projects/HeatCentral/HeatPump/riverdi-70-stm32h7-lvgl-main/Common/Src/system_stm32h7xx_dualcore_boot_cm4_cm7.c.obj
 .debug_info    0x000012a8     0x17b6 CMakeFiles/Riverdi_M4.dir/C_/Projects/HeatCentral/HeatPump/riverdi-70-stm32h7-lvgl-main/Drivers/STM32H7xx_HAL_Driver/Src/stm32h7xx_hal.c.obj
 .debug_info    0x00002a5e      0xee1 CMakeFiles/Riverdi_M4.dir/e572617d30e975d2848612b0b1972abe/Drivers/STM32H7xx_HAL_Driver/Src/stm32h7xx_hal_cortex.c.obj
 .debug_info    0x0000393f      0xcf7 CMakeFiles/Riverdi_M4.dir/e572617d30e975d2848612b0b1972abe/Drivers/STM32H7xx_HAL_Driver/Src/stm32h7xx_hal_gpio.c.obj
 .debug_info    0x00004636      0x4ed CMakeFiles/Riverdi_M4.dir/e572617d30e975d2848612b0b1972abe/Drivers/STM32H7xx_HAL_Driver/Src/stm32h7xx_hal_hsem.c.obj
 .debug_info    0x00004b23     0x1026 CMakeFiles/Riverdi_M4.dir/e572617d30e975d2848612b0b1972abe/Drivers/STM32H7xx_HAL_Driver/Src/stm32h7xx_hal_pwr_ex.c.obj
 .debug_info    0x00005b49      0xe58 CMakeFiles/Riverdi_M4.dir/e572617d30e975d2848612b0b1972abe/Drivers/STM32H7xx_HAL_Driver/Src/stm32h7xx_hal_rcc.c.obj
 .debug_info    0x000069a1     0x1300 CMakeFiles/Riverdi_M4.dir/e572617d30e975d2848612b0b1972abe/Drivers/STM32H7xx_HAL_Driver/Src/stm32h7xx_hal_rcc_ex.c.obj
 .debug_info    0x00007ca1      0x464 CMakeFiles/Riverdi_M4.dir/C_/Projects/HeatCentral/HeatPump/riverdi-70-stm32h7-lvgl-main/CM4/Core/Src/mdma.c.obj
 .debug_info    0x00008105      0x464 CMakeFiles/Riverdi_M4.dir/C_/Projects/HeatCentral/HeatPump/riverdi-70-stm32h7-lvgl-main/CM4/Core/Src/stm32h7xx_hal_msp.c.obj
 .debug_info    0x00008569      0x8dd CMakeFiles/Riverdi_M4.dir/C_/Projects/HeatCentral/HeatPump/riverdi-70-stm32h7-lvgl-main/CM4/Core/Src/stm32h7xx_it.c.obj
 .debug_info    0x00008e46     0x2575 CMakeFiles/Riverdi_M4.dir/HPControl.cpp.obj
 .debug_info    0x0000b3bb     0x157c CMakeFiles/Riverdi_M4.dir/C_/Projects/HeatCentral/HeatPump/riverdi-70-stm32h7-lvgl-main/CM4/Core/Src/fdcan.c.obj
 .debug_info    0x0000c937      0x47d CMakeFiles/Riverdi_M4.dir/C_/Projects/HeatCentral/HeatPump/riverdi-70-stm32h7-lvgl-main/CM4/Core/Src/gpio.c.obj
 .debug_info    0x0000cdb4      0x850 CMakeFiles/Riverdi_M4.dir/C_/Projects/HeatCentral/HeatPump/riverdi-70-stm32h7-lvgl-main/CM4/Core/Src/main.c.obj
 .debug_info    0x0000d604     0x2b87 CMakeFiles/Riverdi_M4.dir/e572617d30e975d2848612b0b1972abe/Drivers/STM32H7xx_HAL_Driver/Src/stm32h7xx_hal_fdcan.c.obj
 .debug_info    0x0001018b     0x15f2 CMakeFiles/Riverdi_M4.dir/C_/Projects/HeatCentral/HeatPump/riverdi-70-stm32h7-lvgl-main/M4_M7_Shared/SharedData.cpp.obj
 .debug_info    0x0001177d     0x1eec CMakeFiles/Riverdi_M4.dir/C_/Projects/HeatCentral/HeatPump/riverdi-70-stm32h7-lvgl-main/M4_M7_Shared/SharedDataCtrl.cpp.obj

.debug_abbrev   0x00000000     0x2973
 .debug_abbrev  0x00000000      0x133 CMakeFiles/BSP.dir/88f47973270f0fc11ad659be62fbf47e/arm-eabi/com.sysprogs.arm.stm32/STM32H7xxxx/StartupFiles/startup_stm32h747xx.c.obj
 .debug_abbrev  0x00000133      0x138 CMakeFiles/Riverdi_M4.dir/C_/Projects/HeatCentral/HeatPump/riverdi-70-stm32h7-lvgl-main/Common/Src/system_stm32h7xx_dualcore_boot_cm4_cm7.c.obj
 .debug_abbrev  0x0000026b      0x29f CMakeFiles/Riverdi_M4.dir/C_/Projects/HeatCentral/HeatPump/riverdi-70-stm32h7-lvgl-main/Drivers/STM32H7xx_HAL_Driver/Src/stm32h7xx_hal.c.obj
 .debug_abbrev  0x0000050a      0x337 CMakeFiles/Riverdi_M4.dir/e572617d30e975d2848612b0b1972abe/Drivers/STM32H7xx_HAL_Driver/Src/stm32h7xx_hal_cortex.c.obj
 .debug_abbrev  0x00000841      0x1fe CMakeFiles/Riverdi_M4.dir/e572617d30e975d2848612b0b1972abe/Drivers/STM32H7xx_HAL_Driver/Src/stm32h7xx_hal_gpio.c.obj
 .debug_abbrev  0x00000a3f      0x249 CMakeFiles/Riverdi_M4.dir/e572617d30e975d2848612b0b1972abe/Drivers/STM32H7xx_HAL_Driver/Src/stm32h7xx_hal_hsem.c.obj
 .debug_abbrev  0x00000c88      0x2d6 CMakeFiles/Riverdi_M4.dir/e572617d30e975d2848612b0b1972abe/Drivers/STM32H7xx_HAL_Driver/Src/stm32h7xx_hal_pwr_ex.c.obj
 .debug_abbrev  0x00000f5e      0x2c8 CMakeFiles/Riverdi_M4.dir/e572617d30e975d2848612b0b1972abe/Drivers/STM32H7xx_HAL_Driver/Src/stm32h7xx_hal_rcc.c.obj
 .debug_abbrev  0x00001226      0x269 CMakeFiles/Riverdi_M4.dir/e572617d30e975d2848612b0b1972abe/Drivers/STM32H7xx_HAL_Driver/Src/stm32h7xx_hal_rcc_ex.c.obj
 .debug_abbrev  0x0000148f       0xdb CMakeFiles/Riverdi_M4.dir/C_/Projects/HeatCentral/HeatPump/riverdi-70-stm32h7-lvgl-main/CM4/Core/Src/mdma.c.obj
 .debug_abbrev  0x0000156a       0xdb CMakeFiles/Riverdi_M4.dir/C_/Projects/HeatCentral/HeatPump/riverdi-70-stm32h7-lvgl-main/CM4/Core/Src/stm32h7xx_hal_msp.c.obj
 .debug_abbrev  0x00001645      0x17d CMakeFiles/Riverdi_M4.dir/C_/Projects/HeatCentral/HeatPump/riverdi-70-stm32h7-lvgl-main/CM4/Core/Src/stm32h7xx_it.c.obj
 .debug_abbrev  0x000017c2      0x4bc CMakeFiles/Riverdi_M4.dir/HPControl.cpp.obj
 .debug_abbrev  0x00001c7e      0x208 CMakeFiles/Riverdi_M4.dir/C_/Projects/HeatCentral/HeatPump/riverdi-70-stm32h7-lvgl-main/CM4/Core/Src/fdcan.c.obj
 .debug_abbrev  0x00001e86       0xe8 CMakeFiles/Riverdi_M4.dir/C_/Projects/HeatCentral/HeatPump/riverdi-70-stm32h7-lvgl-main/CM4/Core/Src/gpio.c.obj
 .debug_abbrev  0x00001f6e      0x1fb CMakeFiles/Riverdi_M4.dir/C_/Projects/HeatCentral/HeatPump/riverdi-70-stm32h7-lvgl-main/CM4/Core/Src/main.c.obj
 .debug_abbrev  0x00002169      0x288 CMakeFiles/Riverdi_M4.dir/e572617d30e975d2848612b0b1972abe/Drivers/STM32H7xx_HAL_Driver/Src/stm32h7xx_hal_fdcan.c.obj
 .debug_abbrev  0x000023f1      0x19a CMakeFiles/Riverdi_M4.dir/C_/Projects/HeatCentral/HeatPump/riverdi-70-stm32h7-lvgl-main/M4_M7_Shared/SharedData.cpp.obj
 .debug_abbrev  0x0000258b      0x3e8 CMakeFiles/Riverdi_M4.dir/C_/Projects/HeatCentral/HeatPump/riverdi-70-stm32h7-lvgl-main/M4_M7_Shared/SharedDataCtrl.cpp.obj

.debug_aranges  0x00000000     0x1140
 .debug_aranges
                0x00000000      0x4f8 CMakeFiles/BSP.dir/88f47973270f0fc11ad659be62fbf47e/arm-eabi/com.sysprogs.arm.stm32/STM32H7xxxx/StartupFiles/startup_stm32h747xx.c.obj
 .debug_aranges
                0x000004f8       0x28 CMakeFiles/Riverdi_M4.dir/C_/Projects/HeatCentral/HeatPump/riverdi-70-stm32h7-lvgl-main/Common/Src/system_stm32h7xx_dualcore_boot_cm4_cm7.c.obj
 .debug_aranges
                0x00000520      0x200 CMakeFiles/Riverdi_M4.dir/C_/Projects/HeatCentral/HeatPump/riverdi-70-stm32h7-lvgl-main/Drivers/STM32H7xx_HAL_Driver/Src/stm32h7xx_hal.c.obj
 .debug_aranges
                0x00000720      0x120 CMakeFiles/Riverdi_M4.dir/e572617d30e975d2848612b0b1972abe/Drivers/STM32H7xx_HAL_Driver/Src/stm32h7xx_hal_cortex.c.obj
 .debug_aranges
                0x00000840       0x58 CMakeFiles/Riverdi_M4.dir/e572617d30e975d2848612b0b1972abe/Drivers/STM32H7xx_HAL_Driver/Src/stm32h7xx_hal_gpio.c.obj
 .debug_aranges
                0x00000898       0x70 CMakeFiles/Riverdi_M4.dir/e572617d30e975d2848612b0b1972abe/Drivers/STM32H7xx_HAL_Driver/Src/stm32h7xx_hal_hsem.c.obj
 .debug_aranges
                0x00000908      0x170 CMakeFiles/Riverdi_M4.dir/e572617d30e975d2848612b0b1972abe/Drivers/STM32H7xx_HAL_Driver/Src/stm32h7xx_hal_pwr_ex.c.obj
 .debug_aranges
                0x00000a78       0x88 CMakeFiles/Riverdi_M4.dir/e572617d30e975d2848612b0b1972abe/Drivers/STM32H7xx_HAL_Driver/Src/stm32h7xx_hal_rcc.c.obj
 .debug_aranges
                0x00000b00      0x100 CMakeFiles/Riverdi_M4.dir/e572617d30e975d2848612b0b1972abe/Drivers/STM32H7xx_HAL_Driver/Src/stm32h7xx_hal_rcc_ex.c.obj
 .debug_aranges
                0x00000c00       0x20 CMakeFiles/Riverdi_M4.dir/C_/Projects/HeatCentral/HeatPump/riverdi-70-stm32h7-lvgl-main/CM4/Core/Src/mdma.c.obj
 .debug_aranges
                0x00000c20       0x20 CMakeFiles/Riverdi_M4.dir/C_/Projects/HeatCentral/HeatPump/riverdi-70-stm32h7-lvgl-main/CM4/Core/Src/stm32h7xx_hal_msp.c.obj
 .debug_aranges
                0x00000c40       0x68 CMakeFiles/Riverdi_M4.dir/C_/Projects/HeatCentral/HeatPump/riverdi-70-stm32h7-lvgl-main/CM4/Core/Src/stm32h7xx_it.c.obj
 .debug_aranges
                0x00000ca8       0x78 CMakeFiles/Riverdi_M4.dir/HPControl.cpp.obj
 .debug_aranges
                0x00000d20       0x30 CMakeFiles/Riverdi_M4.dir/C_/Projects/HeatCentral/HeatPump/riverdi-70-stm32h7-lvgl-main/CM4/Core/Src/fdcan.c.obj
 .debug_aranges
                0x00000d50       0x20 CMakeFiles/Riverdi_M4.dir/C_/Projects/HeatCentral/HeatPump/riverdi-70-stm32h7-lvgl-main/CM4/Core/Src/gpio.c.obj
 .debug_aranges
                0x00000d70       0x28 CMakeFiles/Riverdi_M4.dir/C_/Projects/HeatCentral/HeatPump/riverdi-70-stm32h7-lvgl-main/CM4/Core/Src/main.c.obj
 .debug_aranges
                0x00000d98      0x338 CMakeFiles/Riverdi_M4.dir/e572617d30e975d2848612b0b1972abe/Drivers/STM32H7xx_HAL_Driver/Src/stm32h7xx_hal_fdcan.c.obj
 .debug_aranges
                0x000010d0       0x18 CMakeFiles/Riverdi_M4.dir/C_/Projects/HeatCentral/HeatPump/riverdi-70-stm32h7-lvgl-main/M4_M7_Shared/SharedData.cpp.obj
 .debug_aranges
                0x000010e8       0x58 CMakeFiles/Riverdi_M4.dir/C_/Projects/HeatCentral/HeatPump/riverdi-70-stm32h7-lvgl-main/M4_M7_Shared/SharedDataCtrl.cpp.obj

.debug_rnglists
                0x00000000      0xcd3
 .debug_rnglists
                0x00000000      0x3b5 CMakeFiles/BSP.dir/88f47973270f0fc11ad659be62fbf47e/arm-eabi/com.sysprogs.arm.stm32/STM32H7xxxx/StartupFiles/startup_stm32h747xx.c.obj
 .debug_rnglists
                0x000003b5       0x1a CMakeFiles/Riverdi_M4.dir/C_/Projects/HeatCentral/HeatPump/riverdi-70-stm32h7-lvgl-main/Common/Src/system_stm32h7xx_dualcore_boot_cm4_cm7.c.obj
 .debug_rnglists
                0x000003cf      0x181 CMakeFiles/Riverdi_M4.dir/C_/Projects/HeatCentral/HeatPump/riverdi-70-stm32h7-lvgl-main/Drivers/STM32H7xx_HAL_Driver/Src/stm32h7xx_hal.c.obj
 .debug_rnglists
                0x00000550       0xd4 CMakeFiles/Riverdi_M4.dir/e572617d30e975d2848612b0b1972abe/Drivers/STM32H7xx_HAL_Driver/Src/stm32h7xx_hal_cortex.c.obj
 .debug_rnglists
                0x00000624       0x3f CMakeFiles/Riverdi_M4.dir/e572617d30e975d2848612b0b1972abe/Drivers/STM32H7xx_HAL_Driver/Src/stm32h7xx_hal_gpio.c.obj
 .debug_rnglists
                0x00000663       0x50 CMakeFiles/Riverdi_M4.dir/e572617d30e975d2848612b0b1972abe/Drivers/STM32H7xx_HAL_Driver/Src/stm32h7xx_hal_hsem.c.obj
 .debug_rnglists
                0x000006b3      0x117 CMakeFiles/Riverdi_M4.dir/e572617d30e975d2848612b0b1972abe/Drivers/STM32H7xx_HAL_Driver/Src/stm32h7xx_hal_pwr_ex.c.obj
 .debug_rnglists
                0x000007ca       0x68 CMakeFiles/Riverdi_M4.dir/e572617d30e975d2848612b0b1972abe/Drivers/STM32H7xx_HAL_Driver/Src/stm32h7xx_hal_rcc.c.obj
 .debug_rnglists
                0x00000832       0xc6 CMakeFiles/Riverdi_M4.dir/e572617d30e975d2848612b0b1972abe/Drivers/STM32H7xx_HAL_Driver/Src/stm32h7xx_hal_rcc_ex.c.obj
 .debug_rnglists
                0x000008f8       0x13 CMakeFiles/Riverdi_M4.dir/C_/Projects/HeatCentral/HeatPump/riverdi-70-stm32h7-lvgl-main/CM4/Core/Src/mdma.c.obj
 .debug_rnglists
                0x0000090b       0x13 CMakeFiles/Riverdi_M4.dir/C_/Projects/HeatCentral/HeatPump/riverdi-70-stm32h7-lvgl-main/CM4/Core/Src/stm32h7xx_hal_msp.c.obj
 .debug_rnglists
                0x0000091e       0x49 CMakeFiles/Riverdi_M4.dir/C_/Projects/HeatCentral/HeatPump/riverdi-70-stm32h7-lvgl-main/CM4/Core/Src/stm32h7xx_it.c.obj
 .debug_rnglists
                0x00000967       0x55 CMakeFiles/Riverdi_M4.dir/HPControl.cpp.obj
 .debug_rnglists
                0x000009bc       0x21 CMakeFiles/Riverdi_M4.dir/C_/Projects/HeatCentral/HeatPump/riverdi-70-stm32h7-lvgl-main/CM4/Core/Src/fdcan.c.obj
 .debug_rnglists
                0x000009dd       0x13 CMakeFiles/Riverdi_M4.dir/C_/Projects/HeatCentral/HeatPump/riverdi-70-stm32h7-lvgl-main/CM4/Core/Src/gpio.c.obj
 .debug_rnglists
                0x000009f0       0x1a CMakeFiles/Riverdi_M4.dir/C_/Projects/HeatCentral/HeatPump/riverdi-70-stm32h7-lvgl-main/CM4/Core/Src/main.c.obj
 .debug_rnglists
                0x00000a0a      0x28b CMakeFiles/Riverdi_M4.dir/e572617d30e975d2848612b0b1972abe/Drivers/STM32H7xx_HAL_Driver/Src/stm32h7xx_hal_fdcan.c.obj
 .debug_rnglists
                0x00000c95       0x3e CMakeFiles/Riverdi_M4.dir/C_/Projects/HeatCentral/HeatPump/riverdi-70-stm32h7-lvgl-main/M4_M7_Shared/SharedDataCtrl.cpp.obj

.debug_macro    0x00000000    0x43dbc
 .debug_macro   0x00000000       0x20 CMakeFiles/BSP.dir/88f47973270f0fc11ad659be62fbf47e/arm-eabi/com.sysprogs.arm.stm32/STM32H7xxxx/StartupFiles/startup_stm32h747xx.c.obj
 .debug_macro   0x00000020      0xaba CMakeFiles/BSP.dir/88f47973270f0fc11ad659be62fbf47e/arm-eabi/com.sysprogs.arm.stm32/STM32H7xxxx/StartupFiles/startup_stm32h747xx.c.obj
 .debug_macro   0x00000ada      0x189 CMakeFiles/BSP.dir/88f47973270f0fc11ad659be62fbf47e/arm-eabi/com.sysprogs.arm.stm32/STM32H7xxxx/StartupFiles/startup_stm32h747xx.c.obj
 .debug_macro   0x00000c63      0x31c CMakeFiles/Riverdi_M4.dir/C_/Projects/HeatCentral/HeatPump/riverdi-70-stm32h7-lvgl-main/Common/Src/system_stm32h7xx_dualcore_boot_cm4_cm7.c.obj
 .debug_macro   0x00000f7f      0xad2 CMakeFiles/Riverdi_M4.dir/C_/Projects/HeatCentral/HeatPump/riverdi-70-stm32h7-lvgl-main/Common/Src/system_stm32h7xx_dualcore_boot_cm4_cm7.c.obj
 .debug_macro   0x00001a51       0x2e CMakeFiles/Riverdi_M4.dir/C_/Projects/HeatCentral/HeatPump/riverdi-70-stm32h7-lvgl-main/Common/Src/system_stm32h7xx_dualcore_boot_cm4_cm7.c.obj
 .debug_macro   0x00001a7f       0x3b CMakeFiles/Riverdi_M4.dir/C_/Projects/HeatCentral/HeatPump/riverdi-70-stm32h7-lvgl-main/Common/Src/system_stm32h7xx_dualcore_boot_cm4_cm7.c.obj
 .debug_macro   0x00001aba       0x22 CMakeFiles/Riverdi_M4.dir/C_/Projects/HeatCentral/HeatPump/riverdi-70-stm32h7-lvgl-main/Common/Src/system_stm32h7xx_dualcore_boot_cm4_cm7.c.obj
 .debug_macro   0x00001adc       0x56 CMakeFiles/Riverdi_M4.dir/C_/Projects/HeatCentral/HeatPump/riverdi-70-stm32h7-lvgl-main/Common/Src/system_stm32h7xx_dualcore_boot_cm4_cm7.c.obj
 .debug_macro   0x00001b32       0x51 CMakeFiles/Riverdi_M4.dir/C_/Projects/HeatCentral/HeatPump/riverdi-70-stm32h7-lvgl-main/Common/Src/system_stm32h7xx_dualcore_boot_cm4_cm7.c.obj